###############################################################################
#                                                                             #
# IAR ELF Linker V6.50.6.4896/W32 for ARM               20/Jul/2015  10:12:19 #
# Copyright 2007-2013 IAR Systems AB.                                         #
#                                                                             #
#    Output file  =  C:\Users\Administrator.USER-20150226LF\Desktop\·ÉË¼¿¨¶û± #
#                    ÈÈü·½°¸\C×·B+ÎÞ³¬Éù²¨\C\Prj\IAR\FX15_Debug\Exe\vcan_Kine #
#                    tis.out                                                  #
#    Map file     =  C:\Users\Administrator.USER-20150226LF\Desktop\·ÉË¼¿¨¶û± #
#                    ÈÈü·½°¸\C×·B+ÎÞ³¬Éù²¨\C\Prj\IAR\FX15_Debug\List\vcan_Kin #
#                    etis.map                                                 #
#    Command line =  C:\Users\Administrator.USER-20150226LF\Desktop\·ÉË¼¿¨¶û± #
#                    ÈÈü·½°¸\C×·B+ÎÞ³¬Éù²¨\C\Prj\IAR\FX15_Debug\Obj\Buzzer.o  #
#                    C:\Users\Administrator.USER-20150226LF\Desktop\·ÉË¼¿¨¶û± #
#                    ÈÈü·½°¸\C×·B+ÎÞ³¬Éù²¨\C\Prj\IAR\FX15_Debug\Obj\Dial_swit #
#                    ch.o C:\Users\Administrator.USER-20150226LF\Desktop\·ÉË¼ #
#                    ¿¨¶û±ÈÈü·½°¸\C×·B+ÎÞ³¬Éù²¨\C\Prj\IAR\FX15_Debug\Obj\Dist #
#                    ance_PID.o C:\Users\Administrator.USER-20150226LF\Deskto #
#                    p\·ÉË¼¿¨¶û±ÈÈü·½°¸\C×·B+ÎÞ³¬Éù²¨\C\Prj\IAR\FX15_Debug\Ob #
#                    j\HARDWARE_Start.o C:\Users\Administrator.USER-20150226L #
#                    F\Desktop\·ÉË¼¿¨¶û±ÈÈü·½°¸\C×·B+ÎÞ³¬Éù²¨\C\Prj\IAR\FX15_ #
#                    Debug\Obj\MK60_DWT.o C:\Users\Administrator.USER-2015022 #
#                    6LF\Desktop\·ÉË¼¿¨¶û±ÈÈü·½°¸\C×·B+ÎÞ³¬Éù²¨\C\Prj\IAR\FX1 #
#                    5_Debug\Obj\MK60_PIT.o C:\Users\Administrator.USER-20150 #
#                    226LF\Desktop\·ÉË¼¿¨¶û±ÈÈü·½°¸\C×·B+ÎÞ³¬Éù²¨\C\Prj\IAR\F #
#                    X15_Debug\Obj\MK60_SysTick.o                             #
#                    C:\Users\Administrator.USER-20150226LF\Desktop\·ÉË¼¿¨¶û± #
#                    ÈÈü·½°¸\C×·B+ÎÞ³¬Éù²¨\C\Prj\IAR\FX15_Debug\Obj\MK60_adc. #
#                    o C:\Users\Administrator.USER-20150226LF\Desktop\·ÉË¼¿¨¶ #
#                    û±ÈÈü·½°¸\C×·B+ÎÞ³¬Éù²¨\C\Prj\IAR\FX15_Debug\Obj\MK60_ca #
#                    n.o C:\Users\Administrator.USER-20150226LF\Desktop\·ÉË¼¿ #
#                    ¨¶û±ÈÈü·½°¸\C×·B+ÎÞ³¬Éù²¨\C\Prj\IAR\FX15_Debug\Obj\MK60_ #
#                    conf.o C:\Users\Administrator.USER-20150226LF\Desktop\·É #
#                    Ë¼¿¨¶û±ÈÈü·½°¸\C×·B+ÎÞ³¬Éù²¨\C\Prj\IAR\FX15_Debug\Obj\MK #
#                    60_dac.o C:\Users\Administrator.USER-20150226LF\Desktop\ #
#                    ·ÉË¼¿¨¶û±ÈÈü·½°¸\C×·B+ÎÞ³¬Éù²¨\C\Prj\IAR\FX15_Debug\Obj\ #
#                    MK60_dma.o C:\Users\Administrator.USER-20150226LF\Deskto #
#                    p\·ÉË¼¿¨¶û±ÈÈü·½°¸\C×·B+ÎÞ³¬Éù²¨\C\Prj\IAR\FX15_Debug\Ob #
#                    j\MK60_flash.o C:\Users\Administrator.USER-20150226LF\De #
#                    sktop\·ÉË¼¿¨¶û±ÈÈü·½°¸\C×·B+ÎÞ³¬Éù²¨\C\Prj\IAR\FX15_Debu #
#                    g\Obj\MK60_flexbus.o C:\Users\Administrator.USER-2015022 #
#                    6LF\Desktop\·ÉË¼¿¨¶û±ÈÈü·½°¸\C×·B+ÎÞ³¬Éù²¨\C\Prj\IAR\FX1 #
#                    5_Debug\Obj\MK60_ftm.o C:\Users\Administrator.USER-20150 #
#                    226LF\Desktop\·ÉË¼¿¨¶û±ÈÈü·½°¸\C×·B+ÎÞ³¬Éù²¨\C\Prj\IAR\F #
#                    X15_Debug\Obj\MK60_gpio.o C:\Users\Administrator.USER-20 #
#                    150226LF\Desktop\·ÉË¼¿¨¶û±ÈÈü·½°¸\C×·B+ÎÞ³¬Éù²¨\C\Prj\IA #
#                    R\FX15_Debug\Obj\MK60_i2c.o                              #
#                    C:\Users\Administrator.USER-20150226LF\Desktop\·ÉË¼¿¨¶û± #
#                    ÈÈü·½°¸\C×·B+ÎÞ³¬Éù²¨\C\Prj\IAR\FX15_Debug\Obj\MK60_it.o #
#                     C:\Users\Administrator.USER-20150226LF\Desktop\·ÉË¼¿¨¶û #
#                    ±ÈÈü·½°¸\C×·B+ÎÞ³¬Éù²¨\C\Prj\IAR\FX15_Debug\Obj\MK60_lpt #
#                    mr.o C:\Users\Administrator.USER-20150226LF\Desktop\·ÉË¼ #
#                    ¿¨¶û±ÈÈü·½°¸\C×·B+ÎÞ³¬Éù²¨\C\Prj\IAR\FX15_Debug\Obj\MK60 #
#                    _mcg.o C:\Users\Administrator.USER-20150226LF\Desktop\·É #
#                    Ë¼¿¨¶û±ÈÈü·½°¸\C×·B+ÎÞ³¬Éù²¨\C\Prj\IAR\FX15_Debug\Obj\MK #
#                    60_port.o C:\Users\Administrator.USER-20150226LF\Desktop #
#                    \·ÉË¼¿¨¶û±ÈÈü·½°¸\C×·B+ÎÞ³¬Éù²¨\C\Prj\IAR\FX15_Debug\Obj #
#                    \MK60_rtc.o C:\Users\Administrator.USER-20150226LF\Deskt #
#                    op\·ÉË¼¿¨¶û±ÈÈü·½°¸\C×·B+ÎÞ³¬Éù²¨\C\Prj\IAR\FX15_Debug\O #
#                    bj\MK60_sdhc.o C:\Users\Administrator.USER-20150226LF\De #
#                    sktop\·ÉË¼¿¨¶û±ÈÈü·½°¸\C×·B+ÎÞ³¬Éù²¨\C\Prj\IAR\FX15_Debu #
#                    g\Obj\MK60_spi.o C:\Users\Administrator.USER-20150226LF\ #
#                    Desktop\·ÉË¼¿¨¶û±ÈÈü·½°¸\C×·B+ÎÞ³¬Éù²¨\C\Prj\IAR\FX15_De #
#                    bug\Obj\MK60_uart.o C:\Users\Administrator.USER-20150226 #
#                    LF\Desktop\·ÉË¼¿¨¶û±ÈÈü·½°¸\C×·B+ÎÞ³¬Éù²¨\C\Prj\IAR\FX15 #
#                    _Debug\Obj\MK60_usb.o C:\Users\Administrator.USER-201502 #
#                    26LF\Desktop\·ÉË¼¿¨¶û±ÈÈü·½°¸\C×·B+ÎÞ³¬Éù²¨\C\Prj\IAR\FX #
#                    15_Debug\Obj\MK60_wdog.o C:\Users\Administrator.USER-201 #
#                    50226LF\Desktop\·ÉË¼¿¨¶û±ÈÈü·½°¸\C×·B+ÎÞ³¬Éù²¨\C\Prj\IAR #
#                    \FX15_Debug\Obj\Motor.o C:\Users\Administrator.USER-2015 #
#                    0226LF\Desktop\·ÉË¼¿¨¶û±ÈÈü·½°¸\C×·B+ÎÞ³¬Éù²¨\C\Prj\IAR\ #
#                    FX15_Debug\Obj\OLED.o C:\Users\Administrator.USER-201502 #
#                    26LF\Desktop\·ÉË¼¿¨¶û±ÈÈü·½°¸\C×·B+ÎÞ³¬Éù²¨\C\Prj\IAR\FX #
#                    15_Debug\Obj\Show.o C:\Users\Administrator.USER-20150226 #
#                    LF\Desktop\·ÉË¼¿¨¶û±ÈÈü·½°¸\C×·B+ÎÞ³¬Éù²¨\C\Prj\IAR\FX15 #
#                    _Debug\Obj\Signal_Process_Algorithm.o                    #
#                    C:\Users\Administrator.USER-20150226LF\Desktop\·ÉË¼¿¨¶û± #
#                    ÈÈü·½°¸\C×·B+ÎÞ³¬Éù²¨\C\Prj\IAR\FX15_Debug\Obj\Stop.o    #
#                    C:\Users\Administrator.USER-20150226LF\Desktop\·ÉË¼¿¨¶û± #
#                    ÈÈü·½°¸\C×·B+ÎÞ³¬Éù²¨\C\Prj\IAR\FX15_Debug\Obj\Test.o    #
#                    C:\Users\Administrator.USER-20150226LF\Desktop\·ÉË¼¿¨¶û± #
#                    ÈÈü·½°¸\C×·B+ÎÞ³¬Éù²¨\C\Prj\IAR\FX15_Debug\Obj\USB.o     #
#                    C:\Users\Administrator.USER-20150226LF\Desktop\·ÉË¼¿¨¶û± #
#                    ÈÈü·½°¸\C×·B+ÎÞ³¬Éù²¨\C\Prj\IAR\FX15_Debug\Obj\USB_CDC.o #
#                     C:\Users\Administrator.USER-20150226LF\Desktop\·ÉË¼¿¨¶û #
#                    ±ÈÈü·½°¸\C×·B+ÎÞ³¬Éù²¨\C\Prj\IAR\FX15_Debug\Obj\VCAN_ASC #
#                    II.o C:\Users\Administrator.USER-20150226LF\Desktop\·ÉË¼ #
#                    ¿¨¶û±ÈÈü·½°¸\C×·B+ÎÞ³¬Éù²¨\C\Prj\IAR\FX15_Debug\Obj\VCAN #
#                    _LCD.o C:\Users\Administrator.USER-20150226LF\Desktop\·É #
#                    Ë¼¿¨¶û±ÈÈü·½°¸\C×·B+ÎÞ³¬Éù²¨\C\Prj\IAR\FX15_Debug\Obj\VC #
#                    AN_LCD_ILI9341.o C:\Users\Administrator.USER-20150226LF\ #
#                    Desktop\·ÉË¼¿¨¶û±ÈÈü·½°¸\C×·B+ÎÞ³¬Éù²¨\C\Prj\IAR\FX15_De #
#                    bug\Obj\VCAN_LED.o C:\Users\Administrator.USER-20150226L #
#                    F\Desktop\·ÉË¼¿¨¶û±ÈÈü·½°¸\C×·B+ÎÞ³¬Éù²¨\C\Prj\IAR\FX15_ #
#                    Debug\Obj\VCAN_MMA7455.o C:\Users\Administrator.USER-201 #
#                    50226LF\Desktop\·ÉË¼¿¨¶û±ÈÈü·½°¸\C×·B+ÎÞ³¬Éù²¨\C\Prj\IAR #
#                    \FX15_Debug\Obj\VCAN_NRF24L0.o                           #
#                    C:\Users\Administrator.USER-20150226LF\Desktop\·ÉË¼¿¨¶û± #
#                    ÈÈü·½°¸\C×·B+ÎÞ³¬Éù²¨\C\Prj\IAR\FX15_Debug\Obj\VCAN_NRF2 #
#                    4L0_MSG.o C:\Users\Administrator.USER-20150226LF\Desktop #
#                    \·ÉË¼¿¨¶û±ÈÈü·½°¸\C×·B+ÎÞ³¬Éù²¨\C\Prj\IAR\FX15_Debug\Obj #
#                    \VCAN_OV7725_Eagle.o C:\Users\Administrator.USER-2015022 #
#                    6LF\Desktop\·ÉË¼¿¨¶û±ÈÈü·½°¸\C×·B+ÎÞ³¬Éù²¨\C\Prj\IAR\FX1 #
#                    5_Debug\Obj\VCAN_RTC_count.o                             #
#                    C:\Users\Administrator.USER-20150226LF\Desktop\·ÉË¼¿¨¶û± #
#                    ÈÈü·½°¸\C×·B+ÎÞ³¬Éù²¨\C\Prj\IAR\FX15_Debug\Obj\VCAN_SCCB #
#                    .o C:\Users\Administrator.USER-20150226LF\Desktop\·ÉË¼¿¨ #
#                    ¶û±ÈÈü·½°¸\C×·B+ÎÞ³¬Éù²¨\C\Prj\IAR\FX15_Debug\Obj\VCAN_c #
#                    omputer.o C:\Users\Administrator.USER-20150226LF\Desktop #
#                    \·ÉË¼¿¨¶û±ÈÈü·½°¸\C×·B+ÎÞ³¬Éù²¨\C\Prj\IAR\FX15_Debug\Obj #
#                    \VCAN_key.o C:\Users\Administrator.USER-20150226LF\Deskt #
#                    op\·ÉË¼¿¨¶û±ÈÈü·½°¸\C×·B+ÎÞ³¬Éù²¨\C\Prj\IAR\FX15_Debug\O #
#                    bj\Visual_Scope.o C:\Users\Administrator.USER-20150226LF #
#                    \Desktop\·ÉË¼¿¨¶û±ÈÈü·½°¸\C×·B+ÎÞ³¬Éù²¨\C\Prj\IAR\FX15_D #
#                    ebug\Obj\diskio.o C:\Users\Administrator.USER-20150226LF #
#                    \Desktop\·ÉË¼¿¨¶û±ÈÈü·½°¸\C×·B+ÎÞ³¬Éù²¨\C\Prj\IAR\FX15_D #
#                    ebug\Obj\ff.o C:\Users\Administrator.USER-20150226LF\Des #
#                    ktop\·ÉË¼¿¨¶û±ÈÈü·½°¸\C×·B+ÎÞ³¬Éù²¨\C\Prj\IAR\FX15_Debug #
#                    \Obj\main.o C:\Users\Administrator.USER-20150226LF\Deskt #
#                    op\·ÉË¼¿¨¶û±ÈÈü·½°¸\C×·B+ÎÞ³¬Éù²¨\C\Prj\IAR\FX15_Debug\O #
#                    bj\misc.o C:\Users\Administrator.USER-20150226LF\Desktop #
#                    \·ÉË¼¿¨¶û±ÈÈü·½°¸\C×·B+ÎÞ³¬Éù²¨\C\Prj\IAR\FX15_Debug\Obj #
#                    \startup_MK60DZ10.o C:\Users\Administrator.USER-20150226 #
#                    LF\Desktop\·ÉË¼¿¨¶û±ÈÈü·½°¸\C×·B+ÎÞ³¬Éù²¨\C\Prj\IAR\FX15 #
#                    _Debug\Obj\system_MK60DZ10.o                             #
#                    C:\Users\Administrator.USER-20150226LF\Desktop\·ÉË¼¿¨¶û± #
#                    ÈÈü·½°¸\C×·B+ÎÞ³¬Éù²¨\C\Prj\IAR\FX15_Debug\Obj\vectors.o #
#                     --redirect _Printf=_PrintfLargeNoMb --redirect          #
#                    _Scanf=_ScanfLargeNoMb -o C:\Users\Administrator.USER-20 #
#                    150226LF\Desktop\·ÉË¼¿¨¶û±ÈÈü·½°¸\C×·B+ÎÞ³¬Éù²¨\C\Prj\IA #
#                    R\FX15_Debug\Exe\vcan_Kinetis.out --map                  #
#                    C:\Users\Administrator.USER-20150226LF\Desktop\·ÉË¼¿¨¶û± #
#                    ÈÈü·½°¸\C×·B+ÎÞ³¬Éù²¨\C\Prj\IAR\FX15_Debug\List\vcan_Kin #
#                    etis.map --config "C:\Users\Administrator.USER-20150226L #
#                    F\Desktop\·ÉË¼¿¨¶û±ÈÈü·½°¸\C×·B+ÎÞ³¬Éù²¨\C\Prj\IAR\confi #
#                    g files\vcan_ROM_K60X512.icf"                            #
#                    C:\Users\Administrator.USER-20150226LF\Desktop\·ÉË¼¿¨¶û± #
#                    ÈÈü·½°¸\C×·B+ÎÞ³¬Éù²¨\C\Prj\IAR\..\..\Lib\CMSIS\iar_cort #
#                    exM4l_math.a --entry __iar_program_start --redirect      #
#                    __write=__write_buffered --vfe                           #
#                                                                             #
#                                                                             #
###############################################################################

*******************************************************************************
*** RUNTIME MODEL ATTRIBUTES
***

CppFlavor       = *
__SystemLibrary = DLib


*******************************************************************************
*** PLACEMENT SUMMARY
***

"A1":  place at 0x00000000 { ro section .intvec };
"A2":  place at 0x00000410 { ro section .noinit };
"P1":  place in [from 0x00000000 to 0x00080000] |
                [from 0x10000000 to 0x1007ffff] { ro, block CodeRelocate };
"P2":  place in [from 0x1fff0410 to 0x20010000] {
          rw, block CodeRelocateRam, block CSTACK, block HEAP };

  Section              Kind        Address    Size  Object
  -------              ----        -------    ----  ------
"A1":                                        0x410
  .intvec              const    0x00000000   0x410  vectors.o [1]
                              - 0x00000410   0x410

"P1", part 1 of 2:                             0x0
  .rodata              const    0x00000410     0x0  zero_init3.o [5]

"A2":                                          0x8
  .noinit              ro code  0x00000410     0x8  startup_MK60DZ10.o [1]
                              - 0x00000418     0x8

"P1", part 2 of 2:                          0x68c8
  .text                ro code  0x00000418   0xd24  Signal_Process_Algorithm.o [1]
  .text                ro code  0x0000113c   0x2b8  MK60_adc.o [1]
  .text                ro code  0x000013f4    0x30  I32ToDbl.o [4]
  .text                ro code  0x00001424    0x2e  DblCmpLe.o [4]
  .text                ro code  0x00001452    0x22  zero_init3.o [5]
  .text                ro code  0x00001474   0x246  DblDiv.o [4]
  .text                ro code  0x000016bc   0x1a2  DblMul.o [4]
  .text                ro code  0x00001860    0x58  DblToI32.o [4]
  .text                ro code  0x000018b8    0x2e  DblCmpGe.o [4]
  .text                ro code  0x000018e8    0xe8  DblAdd.o [4]
  .text                ro code  0x000019d0   0x180  DblSub.o [4]
  Veneer               ro code  0x00001b50     0x8  - Linker created -
  Veneer               ro code  0x00001b58     0x8  - Linker created -
  .text                ro code  0x00001b60   0x140  MK60_conf.o [1]
  .text                ro code  0x00001ca0    0xb0  MK60_port.o [1]
  .text                ro code  0x00001d50    0x70  VCAN_LED.o [1]
  .text                ro code  0x00001dc0    0x24  printf.o [3]
  .text                ro code  0x00001de4    0x78  MK60_DWT.o [1]
  .text                ro code  0x00001e5c   0x258  MK60_uart.o [1]
  .text                ro code  0x000020b4    0x9c  VCAN_key.o [1]
  .text                ro code  0x00002150   0x128  MK60_gpio.o [1]
  .text                ro code  0x00002278   0xb7e  xprintflarge_nomb.o [3]
  .text                ro code  0x00002df8    0x16  strchr.o [5]
  .text                ro code  0x00002e10    0x36  strlen.o [5]
  .text                ro code  0x00002e48    0x58  memchr.o [5]
  .text                ro code  0x00002ea0    0xee  I64DivMod.o [5]
  .text                ro code  0x00002f90    0x76  ABImemcpy.o [5]
  .text                ro code  0x00003006    0x42  xdnorm.o [4]
  .text                ro code  0x00003048    0x6c  localeconv.o [3]
  .text                ro code  0x000030b4     0xe  div.o [3]
  .text                ro code  0x000030c4     0x2  I64DivZer.o [5]
  .text                ro code  0x000030c6     0x2  xtls.o [3]
  .data_init                    0x000030c8   0x848  <Block>
    Initializer bytes  ro data  0x000030c8   0x848  <for .data-1> (used: 0x844)
  .text                ro code  0x00003910   0x738  OLED.o [1]
  .text                ro code  0x00004048   0x678  MK60_spi.o [1]
  .text                ro code  0x000046c0     0x8  abs.o [3]
  .rodata              const    0x000046c8   0x5f0  OLED.o [1]
  .text                ro code  0x00004cb8   0x470  MK60_ftm.o [1]
  .text                ro code  0x00005128   0x410  VCAN_NRF24L0.o [1]
  Veneer               ro code  0x00005538     0x8  - Linker created -
  .text                ro code  0x00005540   0x3b8  MK60_mcg.o [1]
  .text                ro code  0x000058f8   0x368  Show.o [1]
  .rodata              const    0x00005c60   0x228  OLED.o [1]
  CodeRelocate                  0x00005e88   0x1f0  <Block>
    Initializer bytes  ro data  0x00005e88   0x1f0  <for CodeRelocateRam-1>
  .text                ro code  0x00006078   0x154  Dial_switch.o [1]
  .rodata              const    0x000061cc   0x150  OLED.o [1]
  .text                ro code  0x0000631c   0x130  system_MK60DZ10.o [1]
  .text                ro code  0x0000644c    0x40  MK60_wdog.o [1]
  .text                ro code  0x0000648c    0xd8  main.o [1]
  .text                ro code  0x00006564    0x50  misc.o [1]
  .text                ro code  0x000065b4   0x118  HARDWARE_Start.o [1]
  .text                ro code  0x000066cc    0x7c  MK60_PIT.o [1]
  .text                ro code  0x00006748    0x34  Motor.o [1]
  .text                ro code  0x0000677c    0xa4  MK60_lptmr.o [1]
  .text                ro code  0x00006820    0x78  Stop.o [1]
  .text                ro code  0x00006898    0x94  MK60_it.o [1]
  .rodata              const    0x0000692c    0x40  MK60_spi.o [1]
  .rodata              const    0x0000696c    0x3c  MK60_conf.o [1]
  .rodata              const    0x000069a8    0x3c  MK60_gpio.o [1]
  .rodata              const    0x000069e4    0x28  MK60_PIT.o [1]
  .rodata              const    0x00006a0c    0x28  MK60_adc.o [1]
  .rodata              const    0x00006a34    0x28  MK60_flash.o [1]
  .rodata              const    0x00006a5c    0x28  MK60_ftm.o [1]
  .rodata              const    0x00006a84    0x28  MK60_lptmr.o [1]
  .rodata              const    0x00006aac    0x28  MK60_spi.o [1]
  .rodata              const    0x00006ad4    0x28  MK60_uart.o [1]
  .text                ro code  0x00006afc    0x28  data_init.o [5]
  .rodata              const    0x00006b24    0x24  MK60_conf.o [1]
  .rodata              const    0x00006b48    0x24  misc.o [1]
  .iar.init_table      const    0x00006b6c    0x10  - Linker created -
  .rodata              const    0x00006b7c    0x20  MK60_conf.o [1]
  .rodata              const    0x00006b9c    0x1c  OLED.o [1]
  .text                ro code  0x00006bb8    0x16  cmain.o [5]
  .text                ro code  0x00006bce     0x4  low_level_init.o [3]
  .text                ro code  0x00006bd2     0x4  exit.o [3]
  .text                ro code  0x00006bd8     0xa  cexit.o [5]
  .text                ro code  0x00006be4     0xc  XXexit.o [5]
  .text                ro code  0x00006bf0    0x16  xprout.o [3]
  .text                ro code  0x00006c08     0xc  putchar.o [3]
  .rodata              const    0x00006c14    0x14  MK60_conf.o [1]
  .rodata              const    0x00006c28     0xc  HARDWARE_Start.o [1]
  .rodata              const    0x00006c34     0xc  HARDWARE_Start.o [1]
  .text                ro code  0x00006c40     0xc  cstartup_M.o [5]
  .rodata              const    0x00006c4c     0x8  VCAN_NRF24L0.o [1]
  .rodata              const    0x00006c54     0x4  MK60_spi.o [1]
  Initializer bytes    ro data  0x00006c58    0x88  <for P2 s0>
                              - 0x00006ce0  0x68c8

"P2", part 1 of 3:                           0xa34
  .data                         0x1fff0410   0x844  <Block>
    .data-1                     0x1fff0410   0x844  <Init block>
      .data            inited   0x1fff0410     0x8  MK60_adc.o [1]
      .data            inited   0x1fff0418   0x708  MK60_conf.o [1]
      .data            inited   0x1fff0b20    0x10  MK60_ftm.o [1]
      .data            inited   0x1fff0b30    0x14  MK60_gpio.o [1]
      .data            inited   0x1fff0b44    0x58  MK60_mcg.o [1]
      .data            inited   0x1fff0b9c     0x4  MK60_mcg.o [1]
      .data            inited   0x1fff0ba0    0x14  MK60_port.o [1]
      .data            inited   0x1fff0bb4     0xc  MK60_spi.o [1]
      .data            inited   0x1fff0bc0    0x18  MK60_uart.o [1]
      .data            inited   0x1fff0bd8     0x8  Signal_Process_Algorithm.o [1]
      .data            inited   0x1fff0be0     0x8  Signal_Process_Algorithm.o [1]
      .data            inited   0x1fff0be8     0x8  Signal_Process_Algorithm.o [1]
      .data            inited   0x1fff0bf0     0x8  Signal_Process_Algorithm.o [1]
      .data            inited   0x1fff0bf8     0x4  VCAN_LED.o [1]
      .data            inited   0x1fff0bfc     0x8  VCAN_NRF24L0.o [1]
      .data            inited   0x1fff0c04     0x8  VCAN_NRF24L0.o [1]
      .data            inited   0x1fff0c0c     0x8  VCAN_key.o [1]
      .data            inited   0x1fff0c14    0x40  xfiles.o [3]
  CodeRelocateRam               0x1fff0c54   0x1f0  <Block>
    CodeRelocateRam-1           0x1fff0c54   0x1f0  <Init block>
      Veneer           inited   0x1fff0c54     0x8  - Linker created -
      Veneer           inited   0x1fff0c5c     0x8  - Linker created -
      .textrw          inited   0x1fff0c64   0x190  MK60_flash.o [1]
      .textrw          inited   0x1fff0df4    0x50  MK60_mcg.o [1]
                              - 0x1fff0e44   0xa34

"P2", part 2 of 3:                           0xc10
  .bss                          0x1fff0e48   0xc0e  <Block>
    .bss               zero     0x1fff0e48     0x8  Signal_Process_Algorithm.o [1]
    .bss               zero     0x1fff0e50     0x8  Signal_Process_Algorithm.o [1]
    .bss               zero     0x1fff0e58     0x8  Signal_Process_Algorithm.o [1]
    .bss               zero     0x1fff0e60     0x8  Signal_Process_Algorithm.o [1]
    .bss               zero     0x1fff0e68     0x8  Signal_Process_Algorithm.o [1]
    .bss               zero     0x1fff0e70     0x8  Signal_Process_Algorithm.o [1]
    .bss               zero     0x1fff0e78     0x8  Signal_Process_Algorithm.o [1]
    .bss               zero     0x1fff0e80     0x8  Signal_Process_Algorithm.o [1]
    .bss               zero     0x1fff0e88     0x8  Signal_Process_Algorithm.o [1]
    .bss               zero     0x1fff0e90     0x8  Signal_Process_Algorithm.o [1]
    .bss               zero     0x1fff0e98     0x8  Signal_Process_Algorithm.o [1]
    .bss               zero     0x1fff0ea0     0x8  Signal_Process_Algorithm.o [1]
    .bss               zero     0x1fff0ea8     0x8  Signal_Process_Algorithm.o [1]
    .bss               zero     0x1fff0eb0     0x8  Signal_Process_Algorithm.o [1]
    .bss               zero     0x1fff0eb8     0x8  Signal_Process_Algorithm.o [1]
    .bss               zero     0x1fff0ec0     0x8  Signal_Process_Algorithm.o [1]
    .bss               zero     0x1fff0ec8     0x8  Signal_Process_Algorithm.o [1]
    .bss               zero     0x1fff0ed0    0x20  Signal_Process_Algorithm.o [1]
    .bss               zero     0x1fff0ef0     0x8  Signal_Process_Algorithm.o [1]
    .bss               zero     0x1fff0ef8     0x4  Dial_switch.o [1]
    .bss               zero     0x1fff0efc     0x8  Show.o [1]
    .bss               zero     0x1fff0f04     0x8  Show.o [1]
    .bss               zero     0x1fff0f0c    0x14  Signal_Process_Algorithm.o [1]
    .bss               zero     0x1fff0f20    0x14  Signal_Process_Algorithm.o [1]
    .bss               zero     0x1fff0f34    0x14  Signal_Process_Algorithm.o [1]
    .bss               zero     0x1fff0f48    0x14  Signal_Process_Algorithm.o [1]
    .bss               zero     0x1fff0f5c    0x14  Signal_Process_Algorithm.o [1]
    .bss               zero     0x1fff0f70    0x14  Signal_Process_Algorithm.o [1]
    .bss               zero     0x1fff0f84    0x28  Signal_Process_Algorithm.o [1]
    .bss               zero     0x1fff0fac     0x4  Stop.o [1]
    .bss               zero     0x1fff0fb0   0xa00  VCAN_NRF24L0.o [1]
    .bss               zero     0x1fff19b0     0x4  VCAN_NRF24L0.o [1]
    .bss               zero     0x1fff19b4     0x4  VCAN_NRF24L0.o [1]
    .bss               zero     0x1fff19b8     0x4  main.o [1]
    .bss               zero     0x1fff19bc     0x4  main.o [1]
    .bss               zero     0x1fff19c0    0x20  main.o [1]
    .bss               zero     0x1fff19e0     0x4  system_MK60DZ10.o [1]
    .bss               zero     0x1fff19e4     0x4  system_MK60DZ10.o [1]
    .bss               zero     0x1fff19e8     0x4  system_MK60DZ10.o [1]
    .bss               zero     0x1fff19ec    0x50  xfiles.o [3]
    .bss               zero     0x1fff1a3c     0x2  Signal_Process_Algorithm.o [1]
    .bss               zero     0x1fff1a3e     0x2  Signal_Process_Algorithm.o [1]
    .bss               zero     0x1fff1a40     0x2  Signal_Process_Algorithm.o [1]
    .bss               zero     0x1fff1a42     0x2  Signal_Process_Algorithm.o [1]
    .bss               zero     0x1fff1a44     0x2  Signal_Process_Algorithm.o [1]
    .bss               zero     0x1fff1a46     0x2  Signal_Process_Algorithm.o [1]
    .bss               zero     0x1fff1a48     0x2  main.o [1]
    .bss               zero     0x1fff1a4a     0x1  Dial_switch.o [1]
    .bss               zero     0x1fff1a4b     0x1  Stop.o [1]
    .bss               zero     0x1fff1a4c     0x1  Stop.o [1]
    .bss               zero     0x1fff1a4d     0x1  VCAN_NRF24L0.o [1]
    .bss               zero     0x1fff1a4e     0x1  VCAN_NRF24L0.o [1]
    .bss               zero     0x1fff1a4f     0x1  VCAN_NRF24L0.o [1]
    .bss               zero     0x1fff1a50     0x1  VCAN_NRF24L0.o [1]
    .bss               zero     0x1fff1a51     0x1  VCAN_NRF24L0.o [1]
                              - 0x1fff1a52   0xc0e

"P2", part 3 of 3:                            0x88
  P2 s0                         0x1fff1a54    0x88  <Init block>
    __DLIB_PERTHREAD   inited   0x1fff1a54    0x88  localeconv.o [3]
                              - 0x1fff1adc    0x88


*******************************************************************************
*** INIT TABLE
***

          Address     Size
          -------     ----
Zero (__iar_zero_init3)
    1 destination range, total size 0xc0a:
          0x1fff0e48  0xc0a



*******************************************************************************
*** MODULE SUMMARY
***

    Module                      ro code  rw code  ro data  rw data
    ------                      -------  -------  -------  -------
C:\Users\Administrator.USER-20150226LF\Desktop\·ÉË¼¿¨¶û±ÈÈü·½°¸\C×·B+ÎÞ³¬Éù²¨\C\Prj\IAR\FX15_Debug\Obj: [1]
    Dial_switch.o                   340                          5
    HARDWARE_Start.o                280                24
    MK60_DWT.o                      120
    MK60_PIT.o                      124                40
    MK60_adc.o                      696                48        8
    MK60_conf.o                     320             1 948    1 800
    MK60_flash.o                             400      440
    MK60_ftm.o                    1 136                56       16
    MK60_gpio.o                     296                80       20
    MK60_it.o                       148
    MK60_lptmr.o                    164                40
    MK60_mcg.o                      952       80      172       92
    MK60_port.o                     176                20       20
    MK60_spi.o                    1 656               120       12
    MK60_uart.o                     600                64       24
    MK60_wdog.o                      64
    Motor.o                          52
    OLED.o                        1 848             2 436
    Show.o                          872                         16
    Signal_Process_Algorithm.o    3 364                32      380
    Stop.o                          120                          6
    VCAN_LED.o                      112                 4        4
    VCAN_NRF24L0.o                1 040                24    2 589
    VCAN_key.o                      156                 8        8
    main.o                          216                         42
    misc.o                           80                36
    startup_MK60DZ10.o                8
    system_MK60DZ10.o               304                         12
    vectors.o                                       1 040
    --------------------------------------------------------------
    Total:                       15 244      480    6 632    5 054

command line: [2]
    --------------------------------------------------------------
    Total:

dl7M_tlf.a: [3]
    abs.o                             8
    div.o                            14
    exit.o                            4
    localeconv.o                    108               136      136
    low_level_init.o                  4
    printf.o                         36
    putchar.o                        12
    xfiles.o                                           64      144
    xprintflarge_nomb.o           2 942
    xprout.o                         22
    xtls.o                            2
    --------------------------------------------------------------
    Total:                        3 152               200      280

m7M_tl.a: [4]
    DblAdd.o                        232
    DblCmpGe.o                       46
    DblCmpLe.o                       46
    DblDiv.o                        582
    DblMul.o                        418
    DblSub.o                        384
    DblToI32.o                       88
    I32ToDbl.o                       48
    xdnorm.o                         66
    --------------------------------------------------------------
    Total:                        1 910

rt7M_tl.a: [5]
    ABImemcpy.o                     118
    I64DivMod.o                     238
    I64DivZer.o                       2
    XXexit.o                         12
    cexit.o                          10
    cmain.o                          22
    cstartup_M.o                     12
    data_init.o                      40
    memchr.o                         88
    strchr.o                         22
    strlen.o                         54
    zero_init3.o                     34
    --------------------------------------------------------------
    Total:                          652

    Gaps                             22
    Linker created                   24       16       36
------------------------------------------------------------------
    Grand Total:                 21 004      496    6 868    5 334


*******************************************************************************
*** ENTRY LIST
***

Entry                      Address   Size  Type      Object
-----                      -------   ----  ----      ------
.bss$$Base              0x1fff0e48          --   Gb  - Linker created -
.bss$$Limit             0x1fff1a52          --   Gb  - Linker created -
.data$$Base             0x1fff0410          --   Gb  - Linker created -
.data$$Limit            0x1fff0c54          --   Gb  - Linker created -
.data_init$$Base        0x000030c8          --   Gb  - Linker created -
.data_init$$Limit       0x00003910          --   Gb  - Linker created -
?main                   0x00006bb9         Code  Gb  cmain.o [5]
ADCN                    0x1fff0410    0x8  Data  Gb  MK60_adc.o [1]
ASSERT_FAILED_STR       0x00006b24   0x24  Data  Gb  MK60_conf.o [1]
CodeRelocate$$Base      0x00005e88          --   Gb  - Linker created -
CodeRelocate$$Limit     0x00006078          --   Gb  - Linker created -
CodeRelocateRam$$Base   0x1fff0c54          --   Gb  - Linker created -
CodeRelocateRam$$Limit  0x1fff0e44          --   Gb  - Linker created -
Coder_ctrl_speed        0x00006115   0x9e  Code  Gb  Dial_switch.o [1]
Dial_switch_Init        0x00006079   0x2c  Code  Gb  Dial_switch.o [1]
Display                 0x00003e4f  0x1a6  Code  Gb  OLED.o [1]
Distance_Set_Goal       0x1fff0ef8    0x4  Data  Gb  Dial_switch.o [1]
F14x16                  0x000061cc  0x150  Data  Gb  OLED.o [1]
F14x16_Idx              0x00006b9c   0x1c  Data  Gb  OLED.o [1]
F6x8                    0x00005c60  0x228  Data  Gb  OLED.o [1]
F8X16                   0x000046c8  0x5f0  Data  Gb  OLED.o [1]
FTMN                    0x1fff0b20   0x10  Data  Gb  MK60_ftm.o [1]
FTM_port_mux            0x00004cb9  0x1ac  Code  Lc  MK60_ftm.o [1]
Filter                  0x00000419  0x338  Code  Gb  Signal_Process_Algorithm.o [1]
Filter_Finish_NumericalValue
                        0x1fff0f84   0x28  Data  Gb  Signal_Process_Algorithm.o [1]
GPIOX                   0x1fff0b30   0x14  Data  Gb  MK60_gpio.o [1]
HARDWARE_init           0x000065b5  0x118  Code  Gb  HARDWARE_Start.o [1]
Inside_Delta            0x1fff0e60    0x8  Data  Gb  Signal_Process_Algorithm.o [1]
Inside_Left             0x1fff1a44    0x2  Data  Gb  Signal_Process_Algorithm.o [1]
Inside_Left_Buffer      0x1fff0f5c   0x14  Data  Gb  Signal_Process_Algorithm.o [1]
Inside_Left_Max         0x1fff0be8    0x8  Data  Gb  Signal_Process_Algorithm.o [1]
Inside_Pre1_Delta       0x1fff0e88    0x8  Data  Gb  Signal_Process_Algorithm.o [1]
Inside_Pre2_Delta       0x1fff0e98    0x8  Data  Gb  Signal_Process_Algorithm.o [1]
Inside_Pre3_Delta       0x1fff0ea8    0x8  Data  Gb  Signal_Process_Algorithm.o [1]
Inside_Pre4_Delta       0x1fff0eb8    0x8  Data  Gb  Signal_Process_Algorithm.o [1]
Inside_Right            0x1fff1a46    0x2  Data  Gb  Signal_Process_Algorithm.o [1]
Inside_Right_Buffer     0x1fff0f70   0x14  Data  Gb  Signal_Process_Algorithm.o [1]
Inside_Right_Max        0x1fff0bf0    0x8  Data  Gb  Signal_Process_Algorithm.o [1]
Inside_Sum              0x1fff0e70    0x8  Data  Gb  Signal_Process_Algorithm.o [1]
KEY_PTxn                0x1fff0c0c    0x8  Data  Gb  VCAN_key.o [1]
Key_jitter              0x1fff1a4c    0x1  Data  Gb  Stop.o [1]
LCD_CLS                 0x00003a15   0x3c  Code  Gb  OLED.o [1]
LCD_DLY_ms              0x00003a51   0x1c  Code  Gb  OLED.o [1]
LCD_Fill                0x000039d5   0x40  Code  Gb  OLED.o [1]
LCD_Init                0x00003a6d  0x112  Code  Gb  OLED.o [1]
LCD_P14x16Str           0x00003ca5  0x140  Code  Gb  OLED.o [1]
LCD_P6x8Str             0x00003b7f   0x7c  Code  Gb  OLED.o [1]
LCD_P8x16Str            0x00003bfb   0xaa  Code  Gb  OLED.o [1]
LCD_Print               0x00003de5   0x6a  Code  Gb  OLED.o [1]
LCD_Set_Pos             0x000039a7   0x2e  Code  Gb  OLED.o [1]
LCD_WrCmd               0x0000395d   0x4a  Code  Gb  OLED.o [1]
LCD_WrDat               0x00003911   0x4a  Code  Gb  OLED.o [1]
LED_PTxn                0x1fff0bf8    0x4  Data  Gb  VCAN_LED.o [1]
Lean_Delta              0x1fff0ec0    0x8  Data  Gb  Signal_Process_Algorithm.o [1]
Lean_Left               0x1fff1a3c    0x2  Data  Gb  Signal_Process_Algorithm.o [1]
Lean_Left_Buffer        0x1fff0f0c   0x14  Data  Gb  Signal_Process_Algorithm.o [1]
Lean_Left_Max           0x1fff0e48    0x8  Data  Gb  Signal_Process_Algorithm.o [1]
Lean_Right              0x1fff1a3e    0x2  Data  Gb  Signal_Process_Algorithm.o [1]
Lean_Right_Buffer       0x1fff0f20   0x14  Data  Gb  Signal_Process_Algorithm.o [1]
Lean_Right_Max          0x1fff0e50    0x8  Data  Gb  Signal_Process_Algorithm.o [1]
Lean_Sum                0x1fff0e78    0x8  Data  Gb  Signal_Process_Algorithm.o [1]
Motor_Neg               0x00006763   0x1a  Code  Gb  Motor.o [1]
Motor_Pos               0x00006749   0x1a  Code  Gb  Motor.o [1]
NRF_ISR_RX_FIFO         0x1fff0fb0  0xa00  Data  Gb  VCAN_NRF24L0.o [1]
NVIC_DisableIRQ         0x00006821   0x18  Code  Lc  Stop.o [1]
NVIC_EnableIRQ          0x0000648d   0x18  Code  Lc  main.o [1]
NVIC_SystemReset        0x00001b61   0x1a  Code  Lc  MK60_conf.o [1]
Normalization           0x00000751  0x134  Code  Gb  Signal_Process_Algorithm.o [1]
Offset_Caculate         0x00000885  0x33e  Code  Gb  Signal_Process_Algorithm.o [1]
Outside_Delta           0x1fff0e58    0x8  Data  Gb  Signal_Process_Algorithm.o [1]
Outside_Left            0x1fff1a40    0x2  Data  Gb  Signal_Process_Algorithm.o [1]
Outside_Left_Buffer     0x1fff0f34   0x14  Data  Gb  Signal_Process_Algorithm.o [1]
Outside_Left_Max        0x1fff0bd8    0x8  Data  Gb  Signal_Process_Algorithm.o [1]
Outside_Pre1_Delta      0x1fff0e80    0x8  Data  Gb  Signal_Process_Algorithm.o [1]
Outside_Pre2_Delta      0x1fff0e90    0x8  Data  Gb  Signal_Process_Algorithm.o [1]
Outside_Pre3_Delta      0x1fff0ea0    0x8  Data  Gb  Signal_Process_Algorithm.o [1]
Outside_Pre4_Delta      0x1fff0eb0    0x8  Data  Gb  Signal_Process_Algorithm.o [1]
Outside_Right           0x1fff1a42    0x2  Data  Gb  Signal_Process_Algorithm.o [1]
Outside_Right_Buffer    0x1fff0f48   0x14  Data  Gb  Signal_Process_Algorithm.o [1]
Outside_Right_Max       0x1fff0be0    0x8  Data  Gb  Signal_Process_Algorithm.o [1]
Outside_Sum             0x1fff0e68    0x8  Data  Gb  Signal_Process_Algorithm.o [1]
PIT0_IRQHandler         0x00006899   0x20  Code  Gb  MK60_it.o [1]
PIT1_IRQHandler         0x000068fb   0x18  Code  Gb  MK60_it.o [1]
PORTD_IRQHandler        0x000068b9   0x22  Code  Gb  MK60_it.o [1]
PORTE_IRQHandler        0x000068db   0x20  Code  Gb  MK60_it.o [1]
PORTX                   0x1fff0ba0   0x14  Data  Gb  MK60_port.o [1]
Position                0x00000ccd  0x35a  Code  Gb  Signal_Process_Algorithm.o [1]
Position_PID            0x1fff0ed0   0x20  Data  Gb  Signal_Process_Algorithm.o [1]
Position_PID_Controller
                        0x00000bdf   0xc0  Code  Gb  Signal_Process_Algorithm.o [1]
Position_PID_Init       0x00000bc3   0x1c  Code  Gb  Signal_Process_Algorithm.o [1]
RX_ADDRESS              0x1fff0c04    0x8  Data  Gb  VCAN_NRF24L0.o [1]
Read_Coder_Key          0x000060a5   0x70  Code  Gb  Dial_switch.o [1]
Region$$Table$$Base     0x00006b6c          --   Gb  - Linker created -
Region$$Table$$Limit    0x00006b7c          --   Gb  - Linker created -
Reset_Handler           0x00000411         Code  Gb  startup_MK60DZ10.o [1]
SPIN                    0x1fff0bb4    0xc  Data  Gb  MK60_spi.o [1]
Sensor_Display_Buffer   0x1fff0efc    0x8  Data  Gb  Show.o [1]
Show                    0x000058f9  0x368  Code  Gb  Show.o [1]
Stop                    0x00006845   0x3c  Code  Gb  Stop.o [1]
Stop_flag               0x1fff1a4b    0x1  Data  Gb  Stop.o [1]
Stop_init               0x00006839    0xc  Code  Gb  Stop.o [1]
System_RunTime_Count    0x1fff1a48    0x2  Data  Gb  main.o [1]
TX_ADDRESS              0x1fff0bfc    0x8  Data  Gb  VCAN_NRF24L0.o [1]
Turn                    0x1fff0ec8    0x8  Data  Gb  Signal_Process_Algorithm.o [1]
UARTN                   0x1fff0bc0   0x18  Data  Gb  MK60_uart.o [1]
_GenldLargeNoMb         0x00002b79  0x234  Code  Lc  xprintflarge_nomb.o [3]
_LdtobLargeNoMb         0x00002919  0x25a  Code  Lc  xprintflarge_nomb.o [3]
_LitobLargeNoMb         0x000027bb  0x10c  Code  Lc  xprintflarge_nomb.o [3]
_Locale_aeabi_lconv     0x1fff1aa4   0x38  Data  Gb  localeconv.o [3]
_Locale_lconv           0x1fff1a54   0x50  Data  Gb  localeconv.o [3]
_PrintfLargeNoMb        0x00002279  0x53c  Code  Gb  xprintflarge_nomb.o [3]
_Prout                  0x00006bf1   0x16  Code  Gb  xprout.o [3]
_PutcharsLargeNoMb      0x00002dad   0x2e  Code  Lc  xprintflarge_nomb.o [3]
__BOOT_STACK_ADDRESS {Abs}
                        0x2000fff8          --   Gb  command line/config [2]
__VECTOR_RAM {Abs}      0x1fff0000          --   Gb  command line/config [2]
__VECTOR_TABLE {Abs}    0x00000000          --   Gb  command line/config [2]
__aeabi_cdcmple         0x00001425         Code  Gb  DblCmpLe.o [4]
__aeabi_cdrcmple        0x000018b9         Code  Gb  DblCmpGe.o [4]
__aeabi_d2iz            0x00001861         Code  Gb  DblToI32.o [4]
__aeabi_d2uiz           0x0000188d         Code  Gb  DblToI32.o [4]
__aeabi_dadd            0x000018e9         Code  Gb  DblAdd.o [4]
__aeabi_ddiv            0x00001475         Code  Gb  DblDiv.o [4]
__aeabi_dmul            0x000016bd         Code  Gb  DblMul.o [4]
__aeabi_dsub            0x000019d1         Code  Gb  DblSub.o [4]
__aeabi_i2d             0x000013f5         Code  Gb  I32ToDbl.o [4]
__aeabi_ldiv0           0x000030c5         Code  Gb  I64DivZer.o [5]
__aeabi_memcpy          0x00002f91         Code  Gb  ABImemcpy.o [5]
__aeabi_memcpy4         0x00002fb1         Code  Gb  ABImemcpy.o [5]
__aeabi_memcpy8         0x00002fb1         Code  Gb  ABImemcpy.o [5]
__aeabi_ui2d            0x00001409         Code  Gb  I32ToDbl.o [4]
__aeabi_uldivmod        0x00002ea1         Code  Gb  I64DivMod.o [5]
__cmain                 0x00006bb9         Code  Gb  cmain.o [5]
__code_start__ {Abs}    0x00000410          --   Gb  command line/config [2]
__exit                  0x00006be5         Code  Gb  XXexit.o [5]
__iar_Dnorm             0x00003007   0x42  Code  Gb  xdnorm.o [4]
__iar_Locale_lconv_init
                        0x00003049   0x3a  Code  Gb  localeconv.o [3]
__iar_Memchr            0x00002e49         Code  Gb  memchr.o [5]
__iar_Stdout            0x1fff0c14   0x40  Data  Gb  xfiles.o [3]
__iar_Strchr            0x00002df9         Code  Gb  strchr.o [5]
__iar_d2uiz             0x00001899         Code  Gb  DblToI32.o [4]
__iar_dadd              0x000018fd         Code  Gb  DblAdd.o [4]
__iar_data_init3        0x00006afd   0x28  Code  Gb  data_init.o [5]
__iar_dlib_perthread_access
                        0x000030c7    0x2  Code  Gb  xtls.o [3]
__iar_dsub              0x000019e5         Code  Gb  DblSub.o [4]
__iar_dsubStart         0x000019f7         Code  Gb  DblSub.o [4]
__iar_program_start     0x00006c41         Code  Gb  cstartup_M.o [5]
__iar_ui2d              0x0000140d         Code  Gb  I32ToDbl.o [4]
__iar_zero_init3        0x00001453   0x22  Code  Gb  zero_init3.o [5]
__low_level_init        0x00006bcf    0x4  Code  Gb  low_level_init.o [3]
__vector_table          0x00000000  0x410  Data  Gb  vectors.o [1]
_call_main              0x00006bc5         Code  Gb  cmain.o [5]
_exit                   0x00006bd9         Code  Gb  cexit.o [5]
_main                   0x00006bcb         Code  Gb  cmain.o [5]
abs                     0x000046c1    0x8  Code  Gb  abs.o [3]
adc_init                0x0000113d  0x20e  Code  Gb  MK60_adc.o [1]
adc_once                0x0000134b   0x50  Code  Gb  MK60_adc.o [1]
adc_start               0x0000139b   0x44  Code  Lc  MK60_adc.o [1]
assert_failed           0x00001b7b   0x26  Code  Gb  MK60_conf.o [1]
buff                    0x1fff19c0   0x20  Data  Gb  main.o [1]
buffer                  0x1fff19b8    0x4  Data  Gb  main.o [1]
bus_clk_khz             0x1fff19e8    0x4  Data  Gb  system_MK60DZ10.o [1]
common_startup          0x0000637b   0x98  Code  Gb  system_MK60DZ10.o [1]
core_clk_khz            0x1fff19e0    0x4  Data  Gb  system_MK60DZ10.o [1]
core_clk_mhz            0x1fff19e4    0x4  Data  Gb  system_MK60DZ10.o [1]
default_isr             0x00001c4f   0x30  Code  Gb  MK60_conf.o [1]
div                     0x000030b5    0xe  Code  Gb  div.o [3]
duty                    0x1fff19bc    0x4  Data  Gb  main.o [1]
dwt_delay_ms            0x00001e45   0x18  Code  Gb  MK60_DWT.o [1]
dwt_delay_us            0x00001de5   0x4e  Code  Gb  MK60_DWT.o [1]
exit                    0x00006bd3    0x4  Code  Gb  exit.o [3]
flash_cmd               0x1fff0c65   0x20  Code  Gb  MK60_flash.o [1]
flash_erase_sector      0x1fff0ca9   0x5c  Code  Gb  MK60_flash.o [1]
flash_init              0x1fff0c85   0x24  Code  Gb  MK60_flash.o [1]
flash_write             0x1fff0d05   0xb4  Code  Gb  MK60_flash.o [1]
fputc                   0x00001ba1   0x14  Code  Gb  MK60_conf.o [1]
ftm_pwm_duty            0x00004ffd  0x116  Code  Gb  MK60_ftm.o [1]
ftm_pwm_init            0x00004e65  0x198  Code  Gb  MK60_ftm.o [1]
gpio_get                0x00002237   0x3a  Code  Gb  MK60_gpio.o [1]
gpio_init               0x00002151   0xae  Code  Gb  MK60_gpio.o [1]
gpio_turn               0x000021ff   0x38  Code  Gb  MK60_gpio.o [1]
key_check               0x00002121   0x2a  Code  Gb  VCAN_key.o [1]
key_get                 0x00002107   0x1a  Code  Gb  VCAN_key.o [1]
key_init                0x000020b5   0x52  Code  Gb  VCAN_key.o [1]
key_value               0x1fff1a4a    0x1  Data  Gb  Dial_switch.o [1]
key_value_Buffer        0x1fff0f04    0x8  Data  Gb  Show.o [1]
led_init                0x00001d51   0x3a  Code  Gb  VCAN_LED.o [1]
led_turn                0x00001d8b   0x32  Code  Gb  VCAN_LED.o [1]
localeconv              0x00003083   0x16  Code  Gb  localeconv.o [3]
lptmr_pulse_init        0x0000677d   0x8a  Code  Gb  MK60_lptmr.o [1]
main                    0x000064a5   0x9c  Code  Gb  main.o [1]
mcg_cfg                 0x1fff0b44   0x58  Data  Gb  MK60_mcg.o [1]
mcg_div                 0x1fff0b9c    0x4  Data  Gb  MK60_mcg.o [1]
mcg_div_count           0x00005541  0x2ea  Code  Gb  MK60_mcg.o [1]
memchr                  0x00002e49         Code  Gb  memchr.o [5]
nrf_handler             0x000053f9  0x108  Code  Gb  VCAN_NRF24L0.o [1]
nrf_init                0x00005129   0xa8  Code  Gb  VCAN_NRF24L0.o [1]
nrf_irq_tx_addr         0x1fff19b0    0x4  Data  Gb  VCAN_NRF24L0.o [1]
nrf_irq_tx_flag         0x1fff1a51    0x1  Data  Gb  VCAN_NRF24L0.o [1]
nrf_irq_tx_pnum         0x1fff19b4    0x4  Data  Gb  VCAN_NRF24L0.o [1]
nrf_link_check          0x0000526f   0x78  Code  Gb  VCAN_NRF24L0.o [1]
nrf_mode                0x1fff1a4d    0x1  Data  Gb  VCAN_NRF24L0.o [1]
nrf_readbuf             0x00005247   0x28  Code  Lc  VCAN_NRF24L0.o [1]
nrf_readreg             0x000051f7   0x28  Code  Lc  VCAN_NRF24L0.o [1]
nrf_rx_flag             0x1fff1a50    0x1  Data  Gb  VCAN_NRF24L0.o [1]
nrf_rx_front            0x1fff1a4e    0x1  Data  Gb  VCAN_NRF24L0.o [1]
nrf_rx_mode             0x000052e7   0x50  Code  Lc  VCAN_NRF24L0.o [1]
nrf_rx_rear             0x1fff1a4f    0x1  Data  Gb  VCAN_NRF24L0.o [1]
nrf_tx                  0x0000537f   0x56  Code  Gb  VCAN_NRF24L0.o [1]
nrf_tx_mode             0x00005337   0x48  Code  Lc  VCAN_NRF24L0.o [1]
nrf_tx_state            0x000053d5   0x24  Code  Gb  VCAN_NRF24L0.o [1]
nrf_writebuf            0x0000521f   0x28  Code  Lc  VCAN_NRF24L0.o [1]
nrf_writereg            0x000051d1   0x26  Code  Lc  VCAN_NRF24L0.o [1]
obuf                    0x1fff19ec   0x50  Data  Lc  xfiles.o [3]
pit_init                0x000066cd   0x6c  Code  Gb  MK60_PIT.o [1]
pll_init                0x0000582b   0xb2  Code  Gb  MK60_mcg.o [1]
port_init               0x00001ca1   0x44  Code  Gb  MK60_port.o [1]
port_init_NoALT         0x00001ce5   0x62  Code  Gb  MK60_port.o [1]
printf                  0x00001dc1   0x24  Code  Gb  printf.o [3]
putchar                 0x00006c09    0xc  Code  Gb  putchar.o [3]
scale                   0x000028cd   0x46  Code  Lc  xprintflarge_nomb.o [3]
set_sys_dividers        0x1fff0df5   0x50  Code  Gb  MK60_mcg.o [1]
set_vector_handler      0x00006587   0x22  Code  Gb  misc.o [1]
spi_init                0x00004049  0x336  Code  Gb  MK60_spi.o [1]
spi_mosi                0x0000437f  0x110  Code  Gb  MK60_spi.o [1]
spi_mosi_cmd            0x0000448f  0x20c  Code  Gb  MK60_spi.o [1]
start                   0x0000631d   0x22  Code  Gb  system_MK60DZ10.o [1]
start_check             0x00001bb5   0x9a  Code  Gb  MK60_conf.o [1]
stop_duty               0x1fff0fac    0x4  Data  Gb  Stop.o [1]
strchr                  0x00002df9         Code  Gb  strchr.o [5]
strlen                  0x00002e11         Code  Gb  strlen.o [5]
sysinit                 0x0000633f   0x3c  Code  Gb  system_MK60DZ10.o [1]
uart_init               0x00001e5d  0x224  Code  Gb  MK60_uart.o [1]
uart_putchar            0x00002081   0x1a  Code  Gb  MK60_uart.o [1]
vector_str              0x1fff0418  0x708  Data  Gb  MK60_conf.o [1]
wdog_disable            0x0000644d   0x16  Code  Gb  MK60_wdog.o [1]
wdog_unlock             0x00006463   0x20  Code  Lc  MK60_wdog.o [1]
write_vtor              0x00006565   0x22  Code  Gb  misc.o [1]


[1] = C:\Users\Administrator.USER-20150226LF\Desktop\·ÉË¼¿¨¶û±ÈÈü·½°¸\C×·B+ÎÞ³¬Éù²¨\C\Prj\IAR\FX15_Debug\Obj
[2] = command line
[3] = dl7M_tlf.a
[4] = m7M_tl.a
[5] = rt7M_tl.a

  21 004 bytes of readonly  code memory
     496 bytes of readwrite code memory
   6 868 bytes of readonly  data memory
   5 334 bytes of readwrite data memory

Errors: none
Warnings: none
