###############################################################################
#                                                                             #
# IAR ELF Linker V6.50.6.4896/W32 for ARM               19/Jul/2015  10:43:52 #
# Copyright 2007-2013 IAR Systems AB.                                         #
#                                                                             #
#    Output file  =  H:\·ÉË¼¿¨¶û-°áÅÜµÀºó\×îÖÕ±ÈÈü·½°¸\C×·B-----1\C\Prj\IAR\F #
#                    X15_Release\Exe\vcan_Kinetis.out                         #
#    Map file     =  H:\·ÉË¼¿¨¶û-°áÅÜµÀºó\×îÖÕ±ÈÈü·½°¸\C×·B-----1\C\Prj\IAR\F #
#                    X15_Release\List\vcan_Kinetis.map                        #
#    Command line =  H:\·ÉË¼¿¨¶û-°áÅÜµÀºó\×îÖÕ±ÈÈü·½°¸\C×·B-----1\C\Prj\IAR\F #
#                    X15_Release\Obj\Buzzer.o H:\·ÉË¼¿¨¶û-°áÅÜµÀºó\×îÖÕ±ÈÈü·½ #
#                    °¸\C×·B-----1\C\Prj\IAR\FX15_Release\Obj\Dial_switch.o   #
#                    H:\·ÉË¼¿¨¶û-°áÅÜµÀºó\×îÖÕ±ÈÈü·½°¸\C×·B-----1\C\Prj\IAR\F #
#                    X15_Release\Obj\Distance_PID.o                           #
#                    H:\·ÉË¼¿¨¶û-°áÅÜµÀºó\×îÖÕ±ÈÈü·½°¸\C×·B-----1\C\Prj\IAR\F #
#                    X15_Release\Obj\HARDWARE_Start.o                         #
#                    H:\·ÉË¼¿¨¶û-°áÅÜµÀºó\×îÖÕ±ÈÈü·½°¸\C×·B-----1\C\Prj\IAR\F #
#                    X15_Release\Obj\MK60_DWT.o H:\·ÉË¼¿¨¶û-°áÅÜµÀºó\×îÖÕ±ÈÈü #
#                    ·½°¸\C×·B-----1\C\Prj\IAR\FX15_Release\Obj\MK60_PIT.o    #
#                    H:\·ÉË¼¿¨¶û-°áÅÜµÀºó\×îÖÕ±ÈÈü·½°¸\C×·B-----1\C\Prj\IAR\F #
#                    X15_Release\Obj\MK60_SysTick.o                           #
#                    H:\·ÉË¼¿¨¶û-°áÅÜµÀºó\×îÖÕ±ÈÈü·½°¸\C×·B-----1\C\Prj\IAR\F #
#                    X15_Release\Obj\MK60_adc.o H:\·ÉË¼¿¨¶û-°áÅÜµÀºó\×îÖÕ±ÈÈü #
#                    ·½°¸\C×·B-----1\C\Prj\IAR\FX15_Release\Obj\MK60_can.o    #
#                    H:\·ÉË¼¿¨¶û-°áÅÜµÀºó\×îÖÕ±ÈÈü·½°¸\C×·B-----1\C\Prj\IAR\F #
#                    X15_Release\Obj\MK60_conf.o                              #
#                    H:\·ÉË¼¿¨¶û-°áÅÜµÀºó\×îÖÕ±ÈÈü·½°¸\C×·B-----1\C\Prj\IAR\F #
#                    X15_Release\Obj\MK60_dac.o H:\·ÉË¼¿¨¶û-°áÅÜµÀºó\×îÖÕ±ÈÈü #
#                    ·½°¸\C×·B-----1\C\Prj\IAR\FX15_Release\Obj\MK60_dma.o    #
#                    H:\·ÉË¼¿¨¶û-°áÅÜµÀºó\×îÖÕ±ÈÈü·½°¸\C×·B-----1\C\Prj\IAR\F #
#                    X15_Release\Obj\MK60_flash.o                             #
#                    H:\·ÉË¼¿¨¶û-°áÅÜµÀºó\×îÖÕ±ÈÈü·½°¸\C×·B-----1\C\Prj\IAR\F #
#                    X15_Release\Obj\MK60_flexbus.o                           #
#                    H:\·ÉË¼¿¨¶û-°áÅÜµÀºó\×îÖÕ±ÈÈü·½°¸\C×·B-----1\C\Prj\IAR\F #
#                    X15_Release\Obj\MK60_ftm.o H:\·ÉË¼¿¨¶û-°áÅÜµÀºó\×îÖÕ±ÈÈü #
#                    ·½°¸\C×·B-----1\C\Prj\IAR\FX15_Release\Obj\MK60_gpio.o   #
#                    H:\·ÉË¼¿¨¶û-°áÅÜµÀºó\×îÖÕ±ÈÈü·½°¸\C×·B-----1\C\Prj\IAR\F #
#                    X15_Release\Obj\MK60_i2c.o H:\·ÉË¼¿¨¶û-°áÅÜµÀºó\×îÖÕ±ÈÈü #
#                    ·½°¸\C×·B-----1\C\Prj\IAR\FX15_Release\Obj\MK60_it.o     #
#                    H:\·ÉË¼¿¨¶û-°áÅÜµÀºó\×îÖÕ±ÈÈü·½°¸\C×·B-----1\C\Prj\IAR\F #
#                    X15_Release\Obj\MK60_lptmr.o                             #
#                    H:\·ÉË¼¿¨¶û-°áÅÜµÀºó\×îÖÕ±ÈÈü·½°¸\C×·B-----1\C\Prj\IAR\F #
#                    X15_Release\Obj\MK60_mcg.o H:\·ÉË¼¿¨¶û-°áÅÜµÀºó\×îÖÕ±ÈÈü #
#                    ·½°¸\C×·B-----1\C\Prj\IAR\FX15_Release\Obj\MK60_port.o   #
#                    H:\·ÉË¼¿¨¶û-°áÅÜµÀºó\×îÖÕ±ÈÈü·½°¸\C×·B-----1\C\Prj\IAR\F #
#                    X15_Release\Obj\MK60_rtc.o H:\·ÉË¼¿¨¶û-°áÅÜµÀºó\×îÖÕ±ÈÈü #
#                    ·½°¸\C×·B-----1\C\Prj\IAR\FX15_Release\Obj\MK60_sdhc.o   #
#                    H:\·ÉË¼¿¨¶û-°áÅÜµÀºó\×îÖÕ±ÈÈü·½°¸\C×·B-----1\C\Prj\IAR\F #
#                    X15_Release\Obj\MK60_spi.o H:\·ÉË¼¿¨¶û-°áÅÜµÀºó\×îÖÕ±ÈÈü #
#                    ·½°¸\C×·B-----1\C\Prj\IAR\FX15_Release\Obj\MK60_uart.o   #
#                    H:\·ÉË¼¿¨¶û-°áÅÜµÀºó\×îÖÕ±ÈÈü·½°¸\C×·B-----1\C\Prj\IAR\F #
#                    X15_Release\Obj\MK60_usb.o H:\·ÉË¼¿¨¶û-°áÅÜµÀºó\×îÖÕ±ÈÈü #
#                    ·½°¸\C×·B-----1\C\Prj\IAR\FX15_Release\Obj\MK60_wdog.o   #
#                    H:\·ÉË¼¿¨¶û-°áÅÜµÀºó\×îÖÕ±ÈÈü·½°¸\C×·B-----1\C\Prj\IAR\F #
#                    X15_Release\Obj\Motor.o H:\·ÉË¼¿¨¶û-°áÅÜµÀºó\×îÖÕ±ÈÈü·½° #
#                    ¸\C×·B-----1\C\Prj\IAR\FX15_Release\Obj\OLED.o           #
#                    H:\·ÉË¼¿¨¶û-°áÅÜµÀºó\×îÖÕ±ÈÈü·½°¸\C×·B-----1\C\Prj\IAR\F #
#                    X15_Release\Obj\Show.o H:\·ÉË¼¿¨¶û-°áÅÜµÀºó\×îÖÕ±ÈÈü·½°¸ #
#                    \C×·B-----1\C\Prj\IAR\FX15_Release\Obj\Signal_Process_Al #
#                    gorithm.o H:\·ÉË¼¿¨¶û-°áÅÜµÀºó\×îÖÕ±ÈÈü·½°¸\C×·B-----1\C #
#                    \Prj\IAR\FX15_Release\Obj\Stop.o                         #
#                    H:\·ÉË¼¿¨¶û-°áÅÜµÀºó\×îÖÕ±ÈÈü·½°¸\C×·B-----1\C\Prj\IAR\F #
#                    X15_Release\Obj\Test.o H:\·ÉË¼¿¨¶û-°áÅÜµÀºó\×îÖÕ±ÈÈü·½°¸ #
#                    \C×·B-----1\C\Prj\IAR\FX15_Release\Obj\USB.o             #
#                    H:\·ÉË¼¿¨¶û-°áÅÜµÀºó\×îÖÕ±ÈÈü·½°¸\C×·B-----1\C\Prj\IAR\F #
#                    X15_Release\Obj\USB_CDC.o H:\·ÉË¼¿¨¶û-°áÅÜµÀºó\×îÖÕ±ÈÈü· #
#                    ½°¸\C×·B-----1\C\Prj\IAR\FX15_Release\Obj\VCAN_ASCII.o   #
#                    H:\·ÉË¼¿¨¶û-°áÅÜµÀºó\×îÖÕ±ÈÈü·½°¸\C×·B-----1\C\Prj\IAR\F #
#                    X15_Release\Obj\VCAN_LCD.o H:\·ÉË¼¿¨¶û-°áÅÜµÀºó\×îÖÕ±ÈÈü #
#                    ·½°¸\C×·B-----1\C\Prj\IAR\FX15_Release\Obj\VCAN_LCD_ILI9 #
#                    341.o H:\·ÉË¼¿¨¶û-°áÅÜµÀºó\×îÖÕ±ÈÈü·½°¸\C×·B-----1\C\Prj #
#                    \IAR\FX15_Release\Obj\VCAN_LED.o                         #
#                    H:\·ÉË¼¿¨¶û-°áÅÜµÀºó\×îÖÕ±ÈÈü·½°¸\C×·B-----1\C\Prj\IAR\F #
#                    X15_Release\Obj\VCAN_MMA7455.o                           #
#                    H:\·ÉË¼¿¨¶û-°áÅÜµÀºó\×îÖÕ±ÈÈü·½°¸\C×·B-----1\C\Prj\IAR\F #
#                    X15_Release\Obj\VCAN_NRF24L0.o                           #
#                    H:\·ÉË¼¿¨¶û-°áÅÜµÀºó\×îÖÕ±ÈÈü·½°¸\C×·B-----1\C\Prj\IAR\F #
#                    X15_Release\Obj\VCAN_NRF24L0_MSG.o                       #
#                    H:\·ÉË¼¿¨¶û-°áÅÜµÀºó\×îÖÕ±ÈÈü·½°¸\C×·B-----1\C\Prj\IAR\F #
#                    X15_Release\Obj\VCAN_OV7725_Eagle.o                      #
#                    H:\·ÉË¼¿¨¶û-°áÅÜµÀºó\×îÖÕ±ÈÈü·½°¸\C×·B-----1\C\Prj\IAR\F #
#                    X15_Release\Obj\VCAN_RTC_count.o                         #
#                    H:\·ÉË¼¿¨¶û-°áÅÜµÀºó\×îÖÕ±ÈÈü·½°¸\C×·B-----1\C\Prj\IAR\F #
#                    X15_Release\Obj\VCAN_SCCB.o                              #
#                    H:\·ÉË¼¿¨¶û-°áÅÜµÀºó\×îÖÕ±ÈÈü·½°¸\C×·B-----1\C\Prj\IAR\F #
#                    X15_Release\Obj\VCAN_computer.o                          #
#                    H:\·ÉË¼¿¨¶û-°áÅÜµÀºó\×îÖÕ±ÈÈü·½°¸\C×·B-----1\C\Prj\IAR\F #
#                    X15_Release\Obj\VCAN_key.o H:\·ÉË¼¿¨¶û-°áÅÜµÀºó\×îÖÕ±ÈÈü #
#                    ·½°¸\C×·B-----1\C\Prj\IAR\FX15_Release\Obj\Visual_Scope. #
#                    o H:\·ÉË¼¿¨¶û-°áÅÜµÀºó\×îÖÕ±ÈÈü·½°¸\C×·B-----1\C\Prj\IAR #
#                    \FX15_Release\Obj\diskio.o H:\·ÉË¼¿¨¶û-°áÅÜµÀºó\×îÖÕ±ÈÈü #
#                    ·½°¸\C×·B-----1\C\Prj\IAR\FX15_Release\Obj\ff.o          #
#                    H:\·ÉË¼¿¨¶û-°áÅÜµÀºó\×îÖÕ±ÈÈü·½°¸\C×·B-----1\C\Prj\IAR\F #
#                    X15_Release\Obj\main.o H:\·ÉË¼¿¨¶û-°áÅÜµÀºó\×îÖÕ±ÈÈü·½°¸ #
#                    \C×·B-----1\C\Prj\IAR\FX15_Release\Obj\misc.o            #
#                    H:\·ÉË¼¿¨¶û-°áÅÜµÀºó\×îÖÕ±ÈÈü·½°¸\C×·B-----1\C\Prj\IAR\F #
#                    X15_Release\Obj\startup_MK60DZ10.o                       #
#                    H:\·ÉË¼¿¨¶û-°áÅÜµÀºó\×îÖÕ±ÈÈü·½°¸\C×·B-----1\C\Prj\IAR\F #
#                    X15_Release\Obj\system_MK60DZ10.o                        #
#                    H:\·ÉË¼¿¨¶û-°áÅÜµÀºó\×îÖÕ±ÈÈü·½°¸\C×·B-----1\C\Prj\IAR\F #
#                    X15_Release\Obj\vectors.o --redirect                     #
#                    _Printf=_PrintfLargeNoMb --redirect                      #
#                    _Scanf=_ScanfLargeNoMb -o H:\·ÉË¼¿¨¶û-°áÅÜµÀºó\×îÖÕ±ÈÈü· #
#                    ½°¸\C×·B-----1\C\Prj\IAR\FX15_Release\Exe\vcan_Kinetis.o #
#                    ut --map H:\·ÉË¼¿¨¶û-°áÅÜµÀºó\×îÖÕ±ÈÈü·½°¸\C×·B-----1\C\ #
#                    Prj\IAR\FX15_Release\List\vcan_Kinetis.map --config      #
#                    "H:\·ÉË¼¿¨¶û-°áÅÜµÀºó\×îÖÕ±ÈÈü·½°¸\C×·B-----1\C\Prj\IAR\ #
#                    config files\vcan_ROM_K60N512.icf"                       #
#                    H:\·ÉË¼¿¨¶û-°áÅÜµÀºó\×îÖÕ±ÈÈü·½°¸\C×·B-----1\C\Prj\IAR\. #
#                    .\..\Lib\CMSIS\iar_cortexM4l_math.a --entry              #
#                    __iar_program_start --redirect __write=__write_buffered  #
#                    --inline --vfe                                           #
#                                                                             #
#                                                                             #
###############################################################################

*******************************************************************************
*** RUNTIME MODEL ATTRIBUTES
***

CppFlavor       = *
__SystemLibrary = DLib


*******************************************************************************
*** PLACEMENT SUMMARY
***

"A1":  place at 0x00000000 { ro section .intvec };
"A2":  place at 0x00000410 { ro section .noinit };
"P1":  place in [from 0x00000000 to 0x00080000] { ro, block CodeRelocate };
"P2":  place in [from 0x1fff0410 to 0x20010000] {
          rw, block CodeRelocateRam, block CSTACK, block HEAP };

  Section              Kind        Address    Size  Object
  -------              ----        -------    ----  ------
"A1":                                        0x410
  .intvec              const    0x00000000   0x410  vectors.o [1]
                              - 0x00000410   0x410

"P1", part 1 of 2:                             0x0
  .rodata              const    0x00000410     0x0  zero_init3.o [5]

"A2":                                          0x8
  .noinit              ro code  0x00000410     0x8  startup_MK60DZ10.o [1]
                              - 0x00000418     0x8

"P1", part 2 of 2:                          0x3cb8
  .text                ro code  0x00000418   0xf48  OLED.o [1]
  .text                ro code  0x00001360    0x80  MK60_gpio.o [1]
  .text                ro code  0x000013e0    0x74  MK60_port.o [1]
  .text                ro code  0x00001454   0x7a4  Signal_Process_Algorithm.o [1]
  .text                ro code  0x00001bf8   0x154  MK60_adc.o [1]
  .text                ro code  0x00001d4c    0x30  I32ToDbl.o [4]
  .text                ro code  0x00001d7c    0x2e  DblCmpLe.o [4]
  .text                ro code  0x00001daa    0x22  zero_init3.o [5]
  .text                ro code  0x00001dcc   0x246  DblDiv.o [4]
  .text                ro code  0x00002014   0x1a2  DblMul.o [4]
  .text                ro code  0x000021b8    0x58  DblToI32.o [4]
  .text                ro code  0x00002210    0x2e  DblCmpGe.o [4]
  .text                ro code  0x00002240    0xe8  DblAdd.o [4]
  .text                ro code  0x00002328   0x180  DblSub.o [4]
  .text                ro code  0x000024a8   0x43c  VCAN_NRF24L0.o [1]
  .text                ro code  0x000028e4   0x438  MK60_spi.o [1]
  .text                ro code  0x00002d1c    0x76  ABImemcpy.o [5]
  .text                ro code  0x00002d94   0x328  Show.o [1]
  .data_init                    0x000030bc   0x230  <Block>
    Initializer bytes  ro data  0x000030bc   0x230  <for .data-1>
  Veneer               ro code  0x000032ec     0x8  - Linker created -
  .text                ro code  0x000032f4   0x1e0  MK60_mcg.o [1]
  .text                ro code  0x000034d4   0x1dc  MK60_ftm.o [1]
  .text                ro code  0x000036b0   0x150  MK60_uart.o [1]
  .text                ro code  0x00003800   0x138  main.o [1]
  .text                ro code  0x00003938   0x12c  HARDWARE_Start.o [1]
  .text                ro code  0x00003a64   0x108  Dial_switch.o [1]
  .text                ro code  0x00003b6c   0x104  MK60_PIT.o [1]
  .text                ro code  0x00003c70    0x18  misc.o [1]
  .text                ro code  0x00003c88    0x34  Motor.o [1]
  .text                ro code  0x00003cbc    0x68  MK60_lptmr.o [1]
  .text                ro code  0x00003d24    0x4c  Stop.o [1]
  .text                ro code  0x00003d70    0x54  MK60_DWT.o [1]
  .text                ro code  0x00003dc4    0xf4  MK60_it.o [1]
  .text                ro code  0x00003eb8    0xcc  system_MK60DZ10.o [1]
  .text                ro code  0x00003f84    0x2c  MK60_wdog.o [1]
  .text                ro code  0x00003fb0     0x6  ABImemclr.o [5]
  .text                ro code  0x00003fb8    0x5e  ABImemset.o [5]
  CodeRelocate                  0x00004018    0x3c  <Block>
    Initializer bytes  ro data  0x00004018    0x3c  <for CodeRelocateRam-1>
  .text                ro code  0x00004054    0x28  data_init.o [5]
  .iar.init_table      const    0x0000407c    0x10  - Linker created -
  .text                ro code  0x0000408c    0x16  cmain.o [5]
  .text                ro code  0x000040a2     0x4  exit.o [3]
  .text                ro code  0x000040a8     0xa  cexit.o [5]
  .text                ro code  0x000040b4     0xc  XXexit.o [5]
  .text                ro code  0x000040c0     0xc  cstartup_M.o [5]
  .text                ro code  0x000040cc     0x4  MK60_conf.o [1]
                              - 0x000040d0  0x3cb8

"P2", part 1 of 2:                           0x26c
  .data                         0x1fff0410   0x230  <Block>
    .data-1                     0x1fff0410   0x230  <Init block>
      .data            inited   0x1fff0410     0x8  MK60_adc.o [1]
      .data            inited   0x1fff0418    0x10  MK60_ftm.o [1]
      .data            inited   0x1fff0428    0x14  MK60_gpio.o [1]
      .data            inited   0x1fff043c    0x58  MK60_mcg.o [1]
      .data            inited   0x1fff0494     0x4  MK60_mcg.o [1]
      .data            inited   0x1fff0498    0x14  MK60_port.o [1]
      .data            inited   0x1fff04ac     0xc  MK60_spi.o [1]
      .data            inited   0x1fff04b8    0x3c  MK60_uart.o [1]
      .data            inited   0x1fff04f8    0x80  Signal_Process_Algorithm.o [1]
      .data            inited   0x1fff0578    0x58  Signal_Process_Algorithm.o [1]
      .data            inited   0x1fff05d0    0x4c  Signal_Process_Algorithm.o [1]
      .data            inited   0x1fff061c    0x20  VCAN_NRF24L0.o [1]
      .data            inited   0x1fff063c     0x4  main.o [1]
  CodeRelocateRam               0x1fff0640    0x3c  <Block>
    CodeRelocateRam-1           0x1fff0640    0x3c  <Init block>
      .textrw          inited   0x1fff0640    0x3c  MK60_mcg.o [1]
                              - 0x1fff067c   0x26c

"P2", part 2 of 2:                           0xadf
  .bss                          0x1fff067c   0xadf  <Block>
    .bss               zero     0x1fff067c     0x4  MK60_it.o [1]
    .bss               zero     0x1fff0680    0x18  Show.o [1]
    .bss               zero     0x1fff0698    0x78  Signal_Process_Algorithm.o [1]
    .bss               zero     0x1fff0710     0x8  Stop.o [1]
    .bss               zero     0x1fff0718   0xa00  VCAN_NRF24L0.o [1]
    .bss               zero     0x1fff1118     0x4  main.o [1]
    .bss               zero     0x1fff111c    0x30  main.o [1]
    .bss               zero     0x1fff114c     0xc  system_MK60DZ10.o [1]
    .bss               zero     0x1fff1158     0x2  main.o [1]
    .bss               zero     0x1fff115a     0x1  Dial_switch.o [1]
                              - 0x1fff115b   0xadf


*******************************************************************************
*** INIT TABLE
***

          Address     Size
          -------     ----
Zero (__iar_zero_init3)
    1 destination range, total size 0xadf:
          0x1fff067c  0xadf



*******************************************************************************
*** MODULE SUMMARY
***

    Module                      ro code  rw code  ro data  rw data
    ------                      -------  -------  -------  -------
H:\·ÉË¼¿¨¶û-°áÅÜµÀºó\×îÖÕ±ÈÈü·½°¸\C×·B-----1\C\Prj\IAR\FX15_Release\Obj: [1]
    Dial_switch.o                   264                          1
    HARDWARE_Start.o                300
    MK60_DWT.o                       84
    MK60_PIT.o                      260
    MK60_adc.o                      340                 8        8
    MK60_conf.o                       4
    MK60_ftm.o                      476                16       16
    MK60_gpio.o                     128                20       20
    MK60_it.o                       244                          4
    MK60_lptmr.o                    104
    MK60_mcg.o                      480       60      152       92
    MK60_port.o                     116                20       20
    MK60_spi.o                    1 080                12       12
    MK60_uart.o                     336                60       60
    MK60_wdog.o                      44
    Motor.o                          52
    OLED.o                        3 912
    Show.o                          808                         24
    Signal_Process_Algorithm.o    1 956               296      412
    Stop.o                           76                          8
    VCAN_NRF24L0.o                1 084                32    2 592
    main.o                          312                 4       58
    misc.o                           24
    startup_MK60DZ10.o                8
    system_MK60DZ10.o               204                         12
    vectors.o                                       1 040
    --------------------------------------------------------------
    Total:                       12 696       60    1 660    3 339

command line: [2]
    --------------------------------------------------------------
    Total:

dl7M_tlf.a: [3]
    exit.o                            4
    --------------------------------------------------------------
    Total:                            4

m7M_tl.a: [4]
    DblAdd.o                        232
    DblCmpGe.o                       46
    DblCmpLe.o                       46
    DblDiv.o                        582
    DblMul.o                        418
    DblSub.o                        384
    DblToI32.o                       88
    I32ToDbl.o                       48
    --------------------------------------------------------------
    Total:                        1 844

rt7M_tl.a: [5]
    ABImemclr.o                       6
    ABImemcpy.o                     118
    ABImemset.o                      94
    XXexit.o                         12
    cexit.o                          10
    cmain.o                          22
    cstartup_M.o                     12
    data_init.o                      40
    zero_init3.o                     34
    --------------------------------------------------------------
    Total:                          348

    Gaps                             14                          4
    Linker created                    8                16
------------------------------------------------------------------
    Grand Total:                 14 914       60    1 676    3 343


*******************************************************************************
*** ENTRY LIST
***

Entry                      Address   Size  Type      Object
-----                      -------   ----  ----      ------
.bss$$Base              0x1fff067c          --   Gb  - Linker created -
.bss$$Limit             0x1fff115b          --   Gb  - Linker created -
.data$$Base             0x1fff0410          --   Gb  - Linker created -
.data$$Limit            0x1fff0640          --   Gb  - Linker created -
.data_init$$Base        0x000030bc          --   Gb  - Linker created -
.data_init$$Limit       0x000032ec          --   Gb  - Linker created -
?main                   0x0000408d         Code  Gb  cmain.o [5]
ADCN                    0x1fff0410    0x8  Data  Gb  MK60_adc.o [1]
CodeRelocate$$Base      0x00004018          --   Gb  - Linker created -
CodeRelocate$$Limit     0x00004054          --   Gb  - Linker created -
CodeRelocateRam$$Base   0x1fff0640          --   Gb  - Linker created -
CodeRelocateRam$$Limit  0x1fff067c          --   Gb  - Linker created -
Coder_ctrl_speed        0x00003a93   0xc4  Code  Gb  Dial_switch.o [1]
Dial_switch_Init        0x00003a65   0x2e  Code  Gb  Dial_switch.o [1]
Display                 0x0000088b  0x110  Code  Gb  OLED.o [1]
Distance_Display_Buffer
                        0x1fff0688    0x8  Data  Gb  Show.o [1]
Distance_Set_Goal       0x1fff063c    0x4  Data  Gb  main.o [1]
Distance_variation      0x1fff067c    0x4  Data  Gb  MK60_it.o [1]
F14x16                  0x00000c20  0x150  Data  Gb  OLED.o [1]
F14x16_Idx              0x00000c04   0x1c  Data  Gb  OLED.o [1]
F6x8                    0x000009dc  0x228  Data  Gb  OLED.o [1]
F8X16                   0x00000d70  0x5f0  Data  Gb  OLED.o [1]
FTMN                    0x1fff0418   0x10  Data  Gb  MK60_ftm.o [1]
FTM_port_mux            0x000034d5  0x132  Code  Lc  MK60_ftm.o [1]
Filter                  0x00001455  0x1ec  Code  Gb  Signal_Process_Algorithm.o [1]
Filter_Finish_NumericalValue
                        0x1fff04f8   0x28  Data  Gb  Signal_Process_Algorithm.o [1]
GPIOX                   0x1fff0428   0x14  Data  Gb  MK60_gpio.o [1]
HARDWARE_init           0x00003939  0x110  Code  Gb  HARDWARE_Start.o [1]
Inside_Delta            0x1fff0550    0x8  Data  Gb  Signal_Process_Algorithm.o [1]
Inside_Left             0x1fff0528    0x2  Data  Gb  Signal_Process_Algorithm.o [1]
Inside_Left_Buffer      0x1fff06e8   0x14  Data  Gb  Signal_Process_Algorithm.o [1]
Inside_Left_Max         0x1fff0578    0x8  Data  Gb  Signal_Process_Algorithm.o [1]
Inside_Pre1_Delta       0x1fff0568    0x8  Data  Gb  Signal_Process_Algorithm.o [1]
Inside_Pre2_Delta       0x1fff05a8    0x8  Data  Gb  Signal_Process_Algorithm.o [1]
Inside_Pre3_Delta       0x1fff05b8    0x8  Data  Gb  Signal_Process_Algorithm.o [1]
Inside_Pre4_Delta       0x1fff0570    0x8  Data  Gb  Signal_Process_Algorithm.o [1]
Inside_Right            0x1fff052a    0x2  Data  Gb  Signal_Process_Algorithm.o [1]
Inside_Right_Buffer     0x1fff06fc   0x14  Data  Gb  Signal_Process_Algorithm.o [1]
Inside_Right_Max        0x1fff0580    0x8  Data  Gb  Signal_Process_Algorithm.o [1]
Inside_Sum              0x1fff0558    0x8  Data  Gb  Signal_Process_Algorithm.o [1]
Key_jitter              0x1fff0711    0x1  Data  Gb  Stop.o [1]
LCD_CLS                 0x000004d5   0x2e  Code  Gb  OLED.o [1]
LCD_Fill                0x000004a5   0x30  Code  Gb  OLED.o [1]
LCD_Init                0x00000503  0x112  Code  Gb  OLED.o [1]
LCD_P14x16Str           0x00000729  0x112  Code  Gb  OLED.o [1]
LCD_P6x8Str             0x00000615   0x6a  Code  Gb  OLED.o [1]
LCD_P8x16Str            0x0000067f   0xaa  Code  Gb  OLED.o [1]
LCD_Print               0x0000083b   0x50  Code  Gb  OLED.o [1]
LCD_Set_Pos             0x0000047f   0x26  Code  Gb  OLED.o [1]
LCD_WrCmd               0x0000044d   0x32  Code  Gb  OLED.o [1]
LCD_WrDat               0x00000419   0x34  Code  Gb  OLED.o [1]
Lean_Delta              0x1fff05c8    0x8  Data  Gb  Signal_Process_Algorithm.o [1]
Lean_Left               0x1fff0520    0x2  Data  Gb  Signal_Process_Algorithm.o [1]
Lean_Left_Buffer        0x1fff0698   0x14  Data  Gb  Signal_Process_Algorithm.o [1]
Lean_Left_Max           0x1fff0530    0x8  Data  Gb  Signal_Process_Algorithm.o [1]
Lean_Right              0x1fff0522    0x2  Data  Gb  Signal_Process_Algorithm.o [1]
Lean_Right_Buffer       0x1fff06ac   0x14  Data  Gb  Signal_Process_Algorithm.o [1]
Lean_Right_Max          0x1fff0538    0x8  Data  Gb  Signal_Process_Algorithm.o [1]
Lean_Sum                0x1fff0560    0x8  Data  Gb  Signal_Process_Algorithm.o [1]
M_Derivative            0x1fff0618    0x4  Data  Gb  Signal_Process_Algorithm.o [1]
M_Integral              0x1fff0614    0x4  Data  Gb  Signal_Process_Algorithm.o [1]
M_PID                   0x1fff05d0    0x8  Data  Gb  Signal_Process_Algorithm.o [1]
M_Proportion            0x1fff0610    0x4  Data  Gb  Signal_Process_Algorithm.o [1]
Motor_Neg               0x00003ca1   0x16  Code  Gb  Motor.o [1]
Motor_Pos               0x00003c89   0x18  Code  Gb  Motor.o [1]
NRF_ISR_RX_FIFO         0x1fff0718  0xa00  Data  Gb  VCAN_NRF24L0.o [1]
Normalization           0x00001641   0xac  Code  Gb  Signal_Process_Algorithm.o [1]
Offset_Caculate         0x000016ed  0x20a  Code  Gb  Signal_Process_Algorithm.o [1]
Outside_Delta           0x1fff0588    0x8  Data  Gb  Signal_Process_Algorithm.o [1]
Outside_Left            0x1fff0524    0x2  Data  Gb  Signal_Process_Algorithm.o [1]
Outside_Left_Buffer     0x1fff06c0   0x14  Data  Gb  Signal_Process_Algorithm.o [1]
Outside_Left_Max        0x1fff0540    0x8  Data  Gb  Signal_Process_Algorithm.o [1]
Outside_Pre1_Delta      0x1fff0598    0x8  Data  Gb  Signal_Process_Algorithm.o [1]
Outside_Pre2_Delta      0x1fff05a0    0x8  Data  Gb  Signal_Process_Algorithm.o [1]
Outside_Pre3_Delta      0x1fff05b0    0x8  Data  Gb  Signal_Process_Algorithm.o [1]
Outside_Pre4_Delta      0x1fff05c0    0x8  Data  Gb  Signal_Process_Algorithm.o [1]
Outside_Right           0x1fff0526    0x2  Data  Gb  Signal_Process_Algorithm.o [1]
Outside_Right_Buffer    0x1fff06d4   0x14  Data  Gb  Signal_Process_Algorithm.o [1]
Outside_Right_Max       0x1fff0548    0x8  Data  Gb  Signal_Process_Algorithm.o [1]
Outside_Sum             0x1fff0590    0x8  Data  Gb  Signal_Process_Algorithm.o [1]
PID_m_add               0x1fff05d8    0x2  Data  Gb  Signal_Process_Algorithm.o [1]
PIT0_IRQHandler         0x00003dc5   0x1e  Code  Gb  MK60_it.o [1]
PIT1_IRQHandler         0x00003e0b   0x82  Code  Gb  MK60_it.o [1]
PORTD_IRQHandler        0x00003de3   0x14  Code  Gb  MK60_it.o [1]
PORTE_IRQHandler        0x00003df7   0x14  Code  Gb  MK60_it.o [1]
PORTX                   0x1fff0498   0x14  Data  Gb  MK60_port.o [1]
Position                0x00001977  0x1d2  Code  Gb  Signal_Process_Algorithm.o [1]
Position_PID            0x1fff05e0   0x20  Data  Gb  Signal_Process_Algorithm.o [1]
Position_PID_Controller
                        0x00001907   0x70  Code  Gb  Signal_Process_Algorithm.o [1]
Position_PID_Init       0x000018f7   0x10  Code  Gb  Signal_Process_Algorithm.o [1]
RX_ADDRESS              0x1fff0634    0x8  Data  Gb  VCAN_NRF24L0.o [1]
Region$$Table$$Base     0x0000407c          --   Gb  - Linker created -
Region$$Table$$Limit    0x0000408c          --   Gb  - Linker created -
Reset_Handler           0x00000411         Code  Gb  startup_MK60DZ10.o [1]
SPIN                    0x1fff04ac    0xc  Data  Gb  MK60_spi.o [1]
ScopeSendBuff           0x1fff04b8   0x24  Data  Gb  MK60_uart.o [1]
Sensor_Display_Buffer   0x1fff0680    0x8  Data  Gb  Show.o [1]
Show                    0x00002d95  0x30a  Code  Gb  Show.o [1]
Stop                    0x00003d2d   0x34  Code  Gb  Stop.o [1]
Stop_flag               0x1fff0710    0x1  Data  Gb  Stop.o [1]
Stop_init               0x00003d25    0x8  Code  Gb  Stop.o [1]
System_RunTime_Count    0x1fff1158    0x2  Data  Gb  main.o [1]
TX_ADDRESS              0x1fff062c    0x8  Data  Gb  VCAN_NRF24L0.o [1]
Turn                    0x1fff0600    0x8  Data  Gb  Signal_Process_Algorithm.o [1]
UARTN                   0x1fff04dc   0x18  Data  Gb  MK60_uart.o [1]
__BOOT_STACK_ADDRESS {Abs}
                        0x2000fff8          --   Gb  command line/config [2]
__VECTOR_RAM {Abs}      0x1fff0000          --   Gb  command line/config [2]
__VECTOR_TABLE {Abs}    0x00000000          --   Gb  command line/config [2]
__aeabi_cdcmple         0x00001d7d         Code  Gb  DblCmpLe.o [4]
__aeabi_cdrcmple        0x00002211         Code  Gb  DblCmpGe.o [4]
__aeabi_d2iz            0x000021b9         Code  Gb  DblToI32.o [4]
__aeabi_d2uiz           0x000021e5         Code  Gb  DblToI32.o [4]
__aeabi_dadd            0x00002241         Code  Gb  DblAdd.o [4]
__aeabi_ddiv            0x00001dcd         Code  Gb  DblDiv.o [4]
__aeabi_dmul            0x00002015         Code  Gb  DblMul.o [4]
__aeabi_dsub            0x00002329         Code  Gb  DblSub.o [4]
__aeabi_i2d             0x00001d4d         Code  Gb  I32ToDbl.o [4]
__aeabi_memclr          0x00003fb1         Code  Gb  ABImemclr.o [5]
__aeabi_memcpy          0x00002d1d         Code  Gb  ABImemcpy.o [5]
__aeabi_memcpy4         0x00002d3d         Code  Gb  ABImemcpy.o [5]
__aeabi_memcpy8         0x00002d3d         Code  Gb  ABImemcpy.o [5]
__aeabi_ui2d            0x00001d61         Code  Gb  I32ToDbl.o [4]
__cmain                 0x0000408d         Code  Gb  cmain.o [5]
__code_start__ {Abs}    0x00000410          --   Gb  command line/config [2]
__exit                  0x000040b5         Code  Gb  XXexit.o [5]
__iar_Memset_word       0x00003fb9         Code  Gb  ABImemset.o [5]
__iar_d2uiz             0x000021f1         Code  Gb  DblToI32.o [4]
__iar_dadd              0x00002255         Code  Gb  DblAdd.o [4]
__iar_data_init3        0x00004055   0x28  Code  Gb  data_init.o [5]
__iar_dsub              0x0000233d         Code  Gb  DblSub.o [4]
__iar_dsubStart         0x0000234f         Code  Gb  DblSub.o [4]
__iar_program_start     0x000040c1         Code  Gb  cstartup_M.o [5]
__iar_ui2d              0x00001d65         Code  Gb  I32ToDbl.o [4]
__iar_zero_init3        0x00001dab   0x22  Code  Gb  zero_init3.o [5]
__vector_table          0x00000000  0x410  Data  Gb  vectors.o [1]
_call_main              0x00004099         Code  Gb  cmain.o [5]
_exit                   0x000040a9         Code  Gb  cexit.o [5]
_main                   0x0000409f         Code  Gb  cmain.o [5]
adc_init                0x00001bf9  0x114  Code  Gb  MK60_adc.o [1]
adc_once                0x00001d0d   0x36  Code  Gb  MK60_adc.o [1]
buff                    0x1fff112c   0x20  Data  Gb  main.o [1]
buffer                  0x1fff1118    0x4  Data  Gb  main.o [1]
bus_clk_khz             0x1fff1154    0x4  Data  Gb  system_MK60DZ10.o [1]
common_startup          0x00003f0b   0x48  Code  Gb  system_MK60DZ10.o [1]
core_clk_khz            0x1fff114c    0x4  Data  Gb  system_MK60DZ10.o [1]
core_clk_mhz            0x1fff1150    0x4  Data  Gb  system_MK60DZ10.o [1]
default_isr             0x000040cd    0x2  Code  Gb  MK60_conf.o [1]
distance                0x1fff111e    0x2  Data  Gb  main.o [1]
duty                    0x1fff1120    0x4  Data  Gb  main.o [1]
dwt_delay_ms            0x00003d71   0x46  Code  Gb  MK60_DWT.o [1]
exit                    0x000040a3    0x4  Code  Gb  exit.o [3]
flag                    0x1fff1128    0x4  Data  Gb  main.o [1]
flag_20ms               0x1fff111c    0x1  Data  Gb  main.o [1]
ftm_pwm_duty            0x0000367d   0x28  Code  Gb  MK60_ftm.o [1]
ftm_pwm_init            0x00003607   0x76  Code  Gb  MK60_ftm.o [1]
gpio_get                0x000013c5   0x18  Code  Gb  MK60_gpio.o [1]
gpio_init               0x00001361   0x42  Code  Gb  MK60_gpio.o [1]
gpio_set                0x000013a3   0x22  Code  Gb  MK60_gpio.o [1]
key_value               0x1fff115a    0x1  Data  Gb  Dial_switch.o [1]
key_value_Buffer        0x1fff0690    0x8  Data  Gb  Show.o [1]
lptmr_pulse_init        0x00003cbd   0x5a  Code  Gb  MK60_lptmr.o [1]
main                    0x00003801  0x138  Code  Gb  main.o [1]
mcg_cfg                 0x1fff043c   0x58  Data  Gb  MK60_mcg.o [1]
mcg_div                 0x1fff0494    0x4  Data  Gb  MK60_mcg.o [1]
mcg_div_count           0x000032f5  0x156  Code  Gb  MK60_mcg.o [1]
nrf_handler             0x000027cd   0xfa  Code  Gb  VCAN_NRF24L0.o [1]
nrf_init                0x000024a9   0xa8  Code  Gb  VCAN_NRF24L0.o [1]
nrf_irq_tx_addr         0x1fff0624    0x4  Data  Gb  VCAN_NRF24L0.o [1]
nrf_irq_tx_flag         0x1fff0620    0x1  Data  Gb  VCAN_NRF24L0.o [1]
nrf_irq_tx_pnum         0x1fff0628    0x4  Data  Gb  VCAN_NRF24L0.o [1]
nrf_link_check          0x00002597   0x84  Code  Gb  VCAN_NRF24L0.o [1]
nrf_mode                0x1fff061c    0x1  Data  Gb  VCAN_NRF24L0.o [1]
nrf_rx_flag             0x1fff061f    0x1  Data  Gb  VCAN_NRF24L0.o [1]
nrf_rx_front            0x1fff061d    0x1  Data  Gb  VCAN_NRF24L0.o [1]
nrf_rx_mode             0x0000261b   0xc6  Code  Lc  VCAN_NRF24L0.o [1]
nrf_rx_rear             0x1fff061e    0x1  Data  Gb  VCAN_NRF24L0.o [1]
nrf_tx                  0x0000276d   0x42  Code  Gb  VCAN_NRF24L0.o [1]
nrf_tx_mode             0x000026e1   0x8c  Code  Lc  VCAN_NRF24L0.o [1]
nrf_tx_state            0x000027af   0x1e  Code  Gb  VCAN_NRF24L0.o [1]
nrf_writebuf            0x00002573   0x24  Code  Lc  VCAN_NRF24L0.o [1]
nrf_writereg            0x00002551   0x22  Code  Lc  VCAN_NRF24L0.o [1]
pit_delay               0x00003b9d   0x52  Code  Gb  MK60_PIT.o [1]
pit_init                0x00003b6d   0x30  Code  Gb  MK60_PIT.o [1]
pit_time_get            0x00003c2d   0x36  Code  Gb  MK60_PIT.o [1]
pit_time_start          0x00003bef   0x3e  Code  Gb  MK60_PIT.o [1]
pll_init                0x0000344b   0x7c  Code  Gb  MK60_mcg.o [1]
port_init               0x000013e1   0x2c  Code  Gb  MK60_port.o [1]
port_init_NoALT         0x0000140d   0x38  Code  Gb  MK60_port.o [1]
set_sys_dividers        0x1fff0641   0x3c  Code  Gb  MK60_mcg.o [1]
set_vector_handler      0x00003c77    0x8  Code  Gb  misc.o [1]
spi_init                0x000028e5  0x262  Code  Gb  MK60_spi.o [1]
spi_mosi                0x00002b47   0x94  Code  Gb  MK60_spi.o [1]
spi_mosi_cmd            0x00002bf1   0xd6  Code  Gb  MK60_spi.o [1]
start                   0x00003eb9   0x1e  Code  Gb  system_MK60DZ10.o [1]
stop_duty               0x1fff0714    0x4  Data  Gb  Stop.o [1]
sysinit                 0x00003ed7   0x34  Code  Gb  system_MK60DZ10.o [1]
time                    0x1fff1124    0x4  Data  Gb  main.o [1]
uart_init               0x000036b1  0x140  Code  Gb  MK60_uart.o [1]
wdog_disable            0x00003f85   0x26  Code  Gb  MK60_wdog.o [1]
write_vtor              0x00003c71    0x6  Code  Gb  misc.o [1]


[1] = H:\·ÉË¼¿¨¶û-°áÅÜµÀºó\×îÖÕ±ÈÈü·½°¸\C×·B-----1\C\Prj\IAR\FX15_Release\Obj
[2] = command line
[3] = dl7M_tlf.a
[4] = m7M_tl.a
[5] = rt7M_tl.a

  14 914 bytes of readonly  code memory
      60 bytes of readwrite code memory
   1 676 bytes of readonly  data memory
   3 343 bytes of readwrite data memory

Errors: none
Warnings: none
