###############################################################################
#                                                                             #
# IAR ELF Linker V6.50.6.4896/W32 for ARM               18/Jul/2015  19:57:06 #
# Copyright 2007-2013 IAR Systems AB.                                         #
#                                                                             #
#    Output file  =  H:\·ÉË¼¿¨¶û-°áÅÜµÀºó\×îÖÕ±ÈÈü·½°¸\C×·B-----1\B\B\Prj\IAR #
#                    \FX15_Debug\Exe\vcan_Kinetis.out                         #
#    Map file     =  H:\·ÉË¼¿¨¶û-°áÅÜµÀºó\×îÖÕ±ÈÈü·½°¸\C×·B-----1\B\B\Prj\IAR #
#                    \FX15_Debug\List\vcan_Kinetis.map                        #
#    Command line =  H:\·ÉË¼¿¨¶û-°áÅÜµÀºó\×îÖÕ±ÈÈü·½°¸\C×·B-----1\B\B\Prj\IAR #
#                    \FX15_Debug\Obj\Buzzer.o H:\·ÉË¼¿¨¶û-°áÅÜµÀºó\×îÖÕ±ÈÈü·½ #
#                    °¸\C×·B-----1\B\B\Prj\IAR\FX15_Debug\Obj\Dial_switch.o   #
#                    H:\·ÉË¼¿¨¶û-°áÅÜµÀºó\×îÖÕ±ÈÈü·½°¸\C×·B-----1\B\B\Prj\IAR #
#                    \FX15_Debug\Obj\Distance_PID.o                           #
#                    H:\·ÉË¼¿¨¶û-°áÅÜµÀºó\×îÖÕ±ÈÈü·½°¸\C×·B-----1\B\B\Prj\IAR #
#                    \FX15_Debug\Obj\HARDWARE_Start.o                         #
#                    H:\·ÉË¼¿¨¶û-°áÅÜµÀºó\×îÖÕ±ÈÈü·½°¸\C×·B-----1\B\B\Prj\IAR #
#                    \FX15_Debug\Obj\MK60_DWT.o H:\·ÉË¼¿¨¶û-°áÅÜµÀºó\×îÖÕ±ÈÈü #
#                    ·½°¸\C×·B-----1\B\B\Prj\IAR\FX15_Debug\Obj\MK60_PIT.o    #
#                    H:\·ÉË¼¿¨¶û-°áÅÜµÀºó\×îÖÕ±ÈÈü·½°¸\C×·B-----1\B\B\Prj\IAR #
#                    \FX15_Debug\Obj\MK60_SysTick.o                           #
#                    H:\·ÉË¼¿¨¶û-°áÅÜµÀºó\×îÖÕ±ÈÈü·½°¸\C×·B-----1\B\B\Prj\IAR #
#                    \FX15_Debug\Obj\MK60_adc.o H:\·ÉË¼¿¨¶û-°áÅÜµÀºó\×îÖÕ±ÈÈü #
#                    ·½°¸\C×·B-----1\B\B\Prj\IAR\FX15_Debug\Obj\MK60_can.o    #
#                    H:\·ÉË¼¿¨¶û-°áÅÜµÀºó\×îÖÕ±ÈÈü·½°¸\C×·B-----1\B\B\Prj\IAR #
#                    \FX15_Debug\Obj\MK60_conf.o                              #
#                    H:\·ÉË¼¿¨¶û-°áÅÜµÀºó\×îÖÕ±ÈÈü·½°¸\C×·B-----1\B\B\Prj\IAR #
#                    \FX15_Debug\Obj\MK60_dac.o H:\·ÉË¼¿¨¶û-°áÅÜµÀºó\×îÖÕ±ÈÈü #
#                    ·½°¸\C×·B-----1\B\B\Prj\IAR\FX15_Debug\Obj\MK60_dma.o    #
#                    H:\·ÉË¼¿¨¶û-°áÅÜµÀºó\×îÖÕ±ÈÈü·½°¸\C×·B-----1\B\B\Prj\IAR #
#                    \FX15_Debug\Obj\MK60_flash.o                             #
#                    H:\·ÉË¼¿¨¶û-°áÅÜµÀºó\×îÖÕ±ÈÈü·½°¸\C×·B-----1\B\B\Prj\IAR #
#                    \FX15_Debug\Obj\MK60_flexbus.o                           #
#                    H:\·ÉË¼¿¨¶û-°áÅÜµÀºó\×îÖÕ±ÈÈü·½°¸\C×·B-----1\B\B\Prj\IAR #
#                    \FX15_Debug\Obj\MK60_ftm.o H:\·ÉË¼¿¨¶û-°áÅÜµÀºó\×îÖÕ±ÈÈü #
#                    ·½°¸\C×·B-----1\B\B\Prj\IAR\FX15_Debug\Obj\MK60_gpio.o   #
#                    H:\·ÉË¼¿¨¶û-°áÅÜµÀºó\×îÖÕ±ÈÈü·½°¸\C×·B-----1\B\B\Prj\IAR #
#                    \FX15_Debug\Obj\MK60_i2c.o H:\·ÉË¼¿¨¶û-°áÅÜµÀºó\×îÖÕ±ÈÈü #
#                    ·½°¸\C×·B-----1\B\B\Prj\IAR\FX15_Debug\Obj\MK60_it.o     #
#                    H:\·ÉË¼¿¨¶û-°áÅÜµÀºó\×îÖÕ±ÈÈü·½°¸\C×·B-----1\B\B\Prj\IAR #
#                    \FX15_Debug\Obj\MK60_lptmr.o                             #
#                    H:\·ÉË¼¿¨¶û-°áÅÜµÀºó\×îÖÕ±ÈÈü·½°¸\C×·B-----1\B\B\Prj\IAR #
#                    \FX15_Debug\Obj\MK60_mcg.o H:\·ÉË¼¿¨¶û-°áÅÜµÀºó\×îÖÕ±ÈÈü #
#                    ·½°¸\C×·B-----1\B\B\Prj\IAR\FX15_Debug\Obj\MK60_port.o   #
#                    H:\·ÉË¼¿¨¶û-°áÅÜµÀºó\×îÖÕ±ÈÈü·½°¸\C×·B-----1\B\B\Prj\IAR #
#                    \FX15_Debug\Obj\MK60_rtc.o H:\·ÉË¼¿¨¶û-°áÅÜµÀºó\×îÖÕ±ÈÈü #
#                    ·½°¸\C×·B-----1\B\B\Prj\IAR\FX15_Debug\Obj\MK60_sdhc.o   #
#                    H:\·ÉË¼¿¨¶û-°áÅÜµÀºó\×îÖÕ±ÈÈü·½°¸\C×·B-----1\B\B\Prj\IAR #
#                    \FX15_Debug\Obj\MK60_spi.o H:\·ÉË¼¿¨¶û-°áÅÜµÀºó\×îÖÕ±ÈÈü #
#                    ·½°¸\C×·B-----1\B\B\Prj\IAR\FX15_Debug\Obj\MK60_uart.o   #
#                    H:\·ÉË¼¿¨¶û-°áÅÜµÀºó\×îÖÕ±ÈÈü·½°¸\C×·B-----1\B\B\Prj\IAR #
#                    \FX15_Debug\Obj\MK60_usb.o H:\·ÉË¼¿¨¶û-°áÅÜµÀºó\×îÖÕ±ÈÈü #
#                    ·½°¸\C×·B-----1\B\B\Prj\IAR\FX15_Debug\Obj\MK60_wdog.o   #
#                    H:\·ÉË¼¿¨¶û-°áÅÜµÀºó\×îÖÕ±ÈÈü·½°¸\C×·B-----1\B\B\Prj\IAR #
#                    \FX15_Debug\Obj\OLED.o H:\·ÉË¼¿¨¶û-°áÅÜµÀºó\×îÖÕ±ÈÈü·½°¸ #
#                    \C×·B-----1\B\B\Prj\IAR\FX15_Debug\Obj\Show.o            #
#                    H:\·ÉË¼¿¨¶û-°áÅÜµÀºó\×îÖÕ±ÈÈü·½°¸\C×·B-----1\B\B\Prj\IAR #
#                    \FX15_Debug\Obj\Signal_Process_Algorithm.o               #
#                    H:\·ÉË¼¿¨¶û-°áÅÜµÀºó\×îÖÕ±ÈÈü·½°¸\C×·B-----1\B\B\Prj\IAR #
#                    \FX15_Debug\Obj\Stop.o H:\·ÉË¼¿¨¶û-°áÅÜµÀºó\×îÖÕ±ÈÈü·½°¸ #
#                    \C×·B-----1\B\B\Prj\IAR\FX15_Debug\Obj\Test.o            #
#                    H:\·ÉË¼¿¨¶û-°áÅÜµÀºó\×îÖÕ±ÈÈü·½°¸\C×·B-----1\B\B\Prj\IAR #
#                    \FX15_Debug\Obj\USB.o H:\·ÉË¼¿¨¶û-°áÅÜµÀºó\×îÖÕ±ÈÈü·½°¸\ #
#                    C×·B-----1\B\B\Prj\IAR\FX15_Debug\Obj\USB_CDC.o          #
#                    H:\·ÉË¼¿¨¶û-°áÅÜµÀºó\×îÖÕ±ÈÈü·½°¸\C×·B-----1\B\B\Prj\IAR #
#                    \FX15_Debug\Obj\VCAN_ASCII.o                             #
#                    H:\·ÉË¼¿¨¶û-°áÅÜµÀºó\×îÖÕ±ÈÈü·½°¸\C×·B-----1\B\B\Prj\IAR #
#                    \FX15_Debug\Obj\VCAN_LCD.o H:\·ÉË¼¿¨¶û-°áÅÜµÀºó\×îÖÕ±ÈÈü #
#                    ·½°¸\C×·B-----1\B\B\Prj\IAR\FX15_Debug\Obj\VCAN_LCD_ILI9 #
#                    341.o H:\·ÉË¼¿¨¶û-°áÅÜµÀºó\×îÖÕ±ÈÈü·½°¸\C×·B-----1\B\B\P #
#                    rj\IAR\FX15_Debug\Obj\VCAN_LED.o                         #
#                    H:\·ÉË¼¿¨¶û-°áÅÜµÀºó\×îÖÕ±ÈÈü·½°¸\C×·B-----1\B\B\Prj\IAR #
#                    \FX15_Debug\Obj\VCAN_MMA7455.o                           #
#                    H:\·ÉË¼¿¨¶û-°áÅÜµÀºó\×îÖÕ±ÈÈü·½°¸\C×·B-----1\B\B\Prj\IAR #
#                    \FX15_Debug\Obj\VCAN_NRF24L0.o                           #
#                    H:\·ÉË¼¿¨¶û-°áÅÜµÀºó\×îÖÕ±ÈÈü·½°¸\C×·B-----1\B\B\Prj\IAR #
#                    \FX15_Debug\Obj\VCAN_NRF24L0_MSG.o                       #
#                    H:\·ÉË¼¿¨¶û-°áÅÜµÀºó\×îÖÕ±ÈÈü·½°¸\C×·B-----1\B\B\Prj\IAR #
#                    \FX15_Debug\Obj\VCAN_OV7725_Eagle.o                      #
#                    H:\·ÉË¼¿¨¶û-°áÅÜµÀºó\×îÖÕ±ÈÈü·½°¸\C×·B-----1\B\B\Prj\IAR #
#                    \FX15_Debug\Obj\VCAN_RTC_count.o                         #
#                    H:\·ÉË¼¿¨¶û-°áÅÜµÀºó\×îÖÕ±ÈÈü·½°¸\C×·B-----1\B\B\Prj\IAR #
#                    \FX15_Debug\Obj\VCAN_SCCB.o                              #
#                    H:\·ÉË¼¿¨¶û-°áÅÜµÀºó\×îÖÕ±ÈÈü·½°¸\C×·B-----1\B\B\Prj\IAR #
#                    \FX15_Debug\Obj\VCAN_computer.o                          #
#                    H:\·ÉË¼¿¨¶û-°áÅÜµÀºó\×îÖÕ±ÈÈü·½°¸\C×·B-----1\B\B\Prj\IAR #
#                    \FX15_Debug\Obj\VCAN_key.o H:\·ÉË¼¿¨¶û-°áÅÜµÀºó\×îÖÕ±ÈÈü #
#                    ·½°¸\C×·B-----1\B\B\Prj\IAR\FX15_Debug\Obj\Visual_Scope. #
#                    o H:\·ÉË¼¿¨¶û-°áÅÜµÀºó\×îÖÕ±ÈÈü·½°¸\C×·B-----1\B\B\Prj\I #
#                    AR\FX15_Debug\Obj\diskio.o H:\·ÉË¼¿¨¶û-°áÅÜµÀºó\×îÖÕ±ÈÈü #
#                    ·½°¸\C×·B-----1\B\B\Prj\IAR\FX15_Debug\Obj\ff.o          #
#                    H:\·ÉË¼¿¨¶û-°áÅÜµÀºó\×îÖÕ±ÈÈü·½°¸\C×·B-----1\B\B\Prj\IAR #
#                    \FX15_Debug\Obj\main.o H:\·ÉË¼¿¨¶û-°áÅÜµÀºó\×îÖÕ±ÈÈü·½°¸ #
#                    \C×·B-----1\B\B\Prj\IAR\FX15_Debug\Obj\misc.o            #
#                    H:\·ÉË¼¿¨¶û-°áÅÜµÀºó\×îÖÕ±ÈÈü·½°¸\C×·B-----1\B\B\Prj\IAR #
#                    \FX15_Debug\Obj\startup_MK60DZ10.o                       #
#                    H:\·ÉË¼¿¨¶û-°áÅÜµÀºó\×îÖÕ±ÈÈü·½°¸\C×·B-----1\B\B\Prj\IAR #
#                    \FX15_Debug\Obj\system_MK60DZ10.o                        #
#                    H:\·ÉË¼¿¨¶û-°áÅÜµÀºó\×îÖÕ±ÈÈü·½°¸\C×·B-----1\B\B\Prj\IAR #
#                    \FX15_Debug\Obj\vectors.o --redirect                     #
#                    _Printf=_PrintfLargeNoMb --redirect                      #
#                    _Scanf=_ScanfLargeNoMb -o H:\·ÉË¼¿¨¶û-°áÅÜµÀºó\×îÖÕ±ÈÈü· #
#                    ½°¸\C×·B-----1\B\B\Prj\IAR\FX15_Debug\Exe\vcan_Kinetis.o #
#                    ut --map H:\·ÉË¼¿¨¶û-°áÅÜµÀºó\×îÖÕ±ÈÈü·½°¸\C×·B-----1\B\ #
#                    B\Prj\IAR\FX15_Debug\List\vcan_Kinetis.map --config      #
#                    "H:\·ÉË¼¿¨¶û-°áÅÜµÀºó\×îÖÕ±ÈÈü·½°¸\C×·B-----1\B\B\Prj\IA #
#                    R\config files\vcan_ROM_K60X512.icf"                     #
#                    H:\·ÉË¼¿¨¶û-°áÅÜµÀºó\×îÖÕ±ÈÈü·½°¸\C×·B-----1\B\B\Prj\IAR #
#                    \..\..\Lib\CMSIS\iar_cortexM4l_math.a --entry            #
#                    __iar_program_start --redirect __write=__write_buffered  #
#                    --vfe                                                    #
#                                                                             #
#                                                                             #
###############################################################################

*******************************************************************************
*** RUNTIME MODEL ATTRIBUTES
***

CppFlavor       = *
__SystemLibrary = DLib


*******************************************************************************
*** PLACEMENT SUMMARY
***

"A1":  place at 0x00000000 { ro section .intvec };
"A2":  place at 0x00000410 { ro section .noinit };
"P1":  place in [from 0x00000000 to 0x00080000] |
                [from 0x10000000 to 0x1007ffff] { ro, block CodeRelocate };
"P2":  place in [from 0x1fff0410 to 0x20010000] {
          rw, block CodeRelocateRam, block CSTACK, block HEAP };

  Section              Kind        Address    Size  Object
  -------              ----        -------    ----  ------
"A1":                                        0x410
  .intvec              const    0x00000000   0x410  vectors.o [1]
                              - 0x00000410   0x410

"P1", part 1 of 2:                             0x0
  .rodata              const    0x00000410     0x0  zero_init3.o [5]

"A2":                                          0x8
  .noinit              ro code  0x00000410     0x8  startup_MK60DZ10.o [1]
                              - 0x00000418     0x8

"P1", part 2 of 2:                          0x6930
  .text                ro code  0x00000418   0xe28  Signal_Process_Algorithm.o [1]
  .text                ro code  0x00001240   0x2b8  MK60_adc.o [1]
  .text                ro code  0x000014f8    0x30  I32ToDbl.o [4]
  .text                ro code  0x00001528    0x2e  DblCmpLe.o [4]
  .text                ro code  0x00001556    0x22  zero_init3.o [5]
  .text                ro code  0x00001578   0x246  DblDiv.o [4]
  .text                ro code  0x000017c0   0x1a2  DblMul.o [4]
  .text                ro code  0x00001964    0x58  DblToI32.o [4]
  .text                ro code  0x000019bc    0x2e  DblCmpGe.o [4]
  .text                ro code  0x000019ec    0xe8  DblAdd.o [4]
  .text                ro code  0x00001ad4   0x180  DblSub.o [4]
  Veneer               ro code  0x00001c54     0x8  - Linker created -
  Veneer               ro code  0x00001c5c     0x8  - Linker created -
  .text                ro code  0x00001c64   0x140  MK60_conf.o [1]
  .text                ro code  0x00001da4    0xb0  MK60_port.o [1]
  .text                ro code  0x00001e54    0x70  VCAN_LED.o [1]
  .text                ro code  0x00001ec4    0x24  printf.o [3]
  .text                ro code  0x00001ee8    0x78  MK60_DWT.o [1]
  .text                ro code  0x00001f60   0x258  MK60_uart.o [1]
  .text                ro code  0x000021b8    0x9c  VCAN_key.o [1]
  .text                ro code  0x00002254   0x128  MK60_gpio.o [1]
  .text                ro code  0x0000237c   0xb7e  xprintflarge_nomb.o [3]
  .text                ro code  0x00002efc    0x16  strchr.o [5]
  .text                ro code  0x00002f14    0x36  strlen.o [5]
  .text                ro code  0x00002f4c    0x58  memchr.o [5]
  .text                ro code  0x00002fa4    0xee  I64DivMod.o [5]
  .text                ro code  0x00003094    0x76  ABImemcpy.o [5]
  .text                ro code  0x0000310a    0x42  xdnorm.o [4]
  .text                ro code  0x0000314c    0x6c  localeconv.o [3]
  .text                ro code  0x000031b8     0xe  div.o [3]
  .text                ro code  0x000031c8     0x2  I64DivZer.o [5]
  .text                ro code  0x000031ca     0x2  xtls.o [3]
  .data_init                    0x000031cc   0x848  <Block>
    Initializer bytes  ro data  0x000031cc   0x848  <for .data-1> (used: 0x844)
  .text                ro code  0x00003a14   0x738  OLED.o [1]
  .text                ro code  0x0000414c   0x678  MK60_spi.o [1]
  .text                ro code  0x000047c4     0x8  abs.o [3]
  .rodata              const    0x000047cc   0x5f0  OLED.o [1]
  .text                ro code  0x00004dbc   0x470  MK60_ftm.o [1]
  .text                ro code  0x0000522c   0x460  VCAN_NRF24L0.o [1]
  .text                ro code  0x0000568c    0xcc  misc.o [1]
  Veneer               ro code  0x00005758     0x8  - Linker created -
  .text                ro code  0x00005760   0x3b8  MK60_mcg.o [1]
  .text                ro code  0x00005b18   0x3b0  Show.o [1]
  .rodata              const    0x00005ec8   0x228  OLED.o [1]
  CodeRelocate                  0x000060f0   0x1f0  <Block>
    Initializer bytes  ro data  0x000060f0   0x1f0  <for CodeRelocateRam-1>
  .rodata              const    0x000062e0   0x150  OLED.o [1]
  .text                ro code  0x00006430   0x130  system_MK60DZ10.o [1]
  .text                ro code  0x00006560    0x40  MK60_wdog.o [1]
  .text                ro code  0x000065a0    0xf4  main.o [1]
  .text                ro code  0x00006694    0xe8  HARDWARE_Start.o [1]
  .text                ro code  0x0000677c    0x7c  MK60_PIT.o [1]
  .text                ro code  0x000067f8    0xa4  MK60_lptmr.o [1]
  .text                ro code  0x0000689c    0x4c  Stop.o [1]
  .text                ro code  0x000068e8    0x2c  Dial_switch.o [1]
  .text                ro code  0x00006914    0x94  MK60_it.o [1]
  .rodata              const    0x000069a8    0x40  MK60_spi.o [1]
  .rodata              const    0x000069e8    0x3c  MK60_conf.o [1]
  .rodata              const    0x00006a24    0x28  MK60_PIT.o [1]
  .rodata              const    0x00006a4c    0x28  MK60_adc.o [1]
  .rodata              const    0x00006a74    0x28  MK60_flash.o [1]
  .rodata              const    0x00006a9c    0x28  MK60_ftm.o [1]
  .rodata              const    0x00006ac4    0x28  MK60_gpio.o [1]
  .rodata              const    0x00006aec    0x28  MK60_lptmr.o [1]
  .rodata              const    0x00006b14    0x28  MK60_spi.o [1]
  .rodata              const    0x00006b3c    0x28  MK60_uart.o [1]
  .text                ro code  0x00006b64    0x28  data_init.o [5]
  .rodata              const    0x00006b8c    0x24  MK60_conf.o [1]
  .rodata              const    0x00006bb0    0x24  misc.o [1]
  .iar.init_table      const    0x00006bd4    0x10  - Linker created -
  .rodata              const    0x00006be4    0x20  MK60_conf.o [1]
  .rodata              const    0x00006c04    0x1c  OLED.o [1]
  .text                ro code  0x00006c20    0x16  cmain.o [5]
  .text                ro code  0x00006c36     0x4  low_level_init.o [3]
  .text                ro code  0x00006c3a     0x4  exit.o [3]
  .text                ro code  0x00006c40     0xa  cexit.o [5]
  .text                ro code  0x00006c4c     0xc  XXexit.o [5]
  .text                ro code  0x00006c58    0x16  xprout.o [3]
  .text                ro code  0x00006c70     0xc  putchar.o [3]
  .rodata              const    0x00006c7c    0x14  MK60_conf.o [1]
  .rodata              const    0x00006c90     0xc  HARDWARE_Start.o [1]
  .rodata              const    0x00006c9c     0xc  HARDWARE_Start.o [1]
  .text                ro code  0x00006ca8     0xc  cstartup_M.o [5]
  .rodata              const    0x00006cb4     0x8  VCAN_NRF24L0.o [1]
  .rodata              const    0x00006cbc     0x4  MK60_spi.o [1]
  Initializer bytes    ro data  0x00006cc0    0x88  <for P2 s0>
                              - 0x00006d48  0x6930

"P2", part 1 of 3:                           0xa38
  .data                         0x1fff0410   0x844  <Block>
    .data-1                     0x1fff0410   0x844  <Init block>
      .data            inited   0x1fff0410     0x8  MK60_adc.o [1]
      .data            inited   0x1fff0418   0x708  MK60_conf.o [1]
      .data            inited   0x1fff0b20    0x10  MK60_ftm.o [1]
      .data            inited   0x1fff0b30    0x14  MK60_gpio.o [1]
      .data            inited   0x1fff0b44    0x58  MK60_mcg.o [1]
      .data            inited   0x1fff0b9c     0x4  MK60_mcg.o [1]
      .data            inited   0x1fff0ba0    0x14  MK60_port.o [1]
      .data            inited   0x1fff0bb4     0xc  MK60_spi.o [1]
      .data            inited   0x1fff0bc0    0x18  MK60_uart.o [1]
      .data            inited   0x1fff0bd8     0x8  Signal_Process_Algorithm.o [1]
      .data            inited   0x1fff0be0     0x8  Signal_Process_Algorithm.o [1]
      .data            inited   0x1fff0be8     0x8  Signal_Process_Algorithm.o [1]
      .data            inited   0x1fff0bf0     0x8  Signal_Process_Algorithm.o [1]
      .data            inited   0x1fff0bf8     0x4  VCAN_LED.o [1]
      .data            inited   0x1fff0bfc     0x8  VCAN_NRF24L0.o [1]
      .data            inited   0x1fff0c04     0x8  VCAN_NRF24L0.o [1]
      .data            inited   0x1fff0c0c     0x8  VCAN_key.o [1]
      .data            inited   0x1fff0c14    0x40  xfiles.o [3]
  CodeRelocateRam               0x1fff0c54   0x1f0  <Block>
    CodeRelocateRam-1           0x1fff0c54   0x1f0  <Init block>
      Veneer           inited   0x1fff0c54     0x8  - Linker created -
      Veneer           inited   0x1fff0c5c     0x8  - Linker created -
      .textrw          inited   0x1fff0c64   0x190  MK60_flash.o [1]
      .textrw          inited   0x1fff0df4    0x50  MK60_mcg.o [1]
                              - 0x1fff0e44   0xa34

"P2", part 2 of 3:                           0xbe0
  .bss                          0x1fff0e48   0xbdf  <Block>
    .bss               zero     0x1fff0e48     0x8  Signal_Process_Algorithm.o [1]
    .bss               zero     0x1fff0e50     0x8  Signal_Process_Algorithm.o [1]
    .bss               zero     0x1fff0e58     0x8  Signal_Process_Algorithm.o [1]
    .bss               zero     0x1fff0e60     0x8  Signal_Process_Algorithm.o [1]
    .bss               zero     0x1fff0e68     0x8  Signal_Process_Algorithm.o [1]
    .bss               zero     0x1fff0e70     0x8  Signal_Process_Algorithm.o [1]
    .bss               zero     0x1fff0e78     0x8  Signal_Process_Algorithm.o [1]
    .bss               zero     0x1fff0e80     0x8  Signal_Process_Algorithm.o [1]
    .bss               zero     0x1fff0e88     0x8  Signal_Process_Algorithm.o [1]
    .bss               zero     0x1fff0e90     0x8  Signal_Process_Algorithm.o [1]
    .bss               zero     0x1fff0e98     0x8  Signal_Process_Algorithm.o [1]
    .bss               zero     0x1fff0ea0     0x8  Signal_Process_Algorithm.o [1]
    .bss               zero     0x1fff0ea8     0x8  Signal_Process_Algorithm.o [1]
    .bss               zero     0x1fff0eb0    0x20  Signal_Process_Algorithm.o [1]
    .bss               zero     0x1fff0ed0     0x8  Signal_Process_Algorithm.o [1]
    .bss               zero     0x1fff0ed8     0x8  Show.o [1]
    .bss               zero     0x1fff0ee0     0x8  Show.o [1]
    .bss               zero     0x1fff0ee8    0x14  Signal_Process_Algorithm.o [1]
    .bss               zero     0x1fff0efc    0x14  Signal_Process_Algorithm.o [1]
    .bss               zero     0x1fff0f10    0x14  Signal_Process_Algorithm.o [1]
    .bss               zero     0x1fff0f24    0x14  Signal_Process_Algorithm.o [1]
    .bss               zero     0x1fff0f38    0x14  Signal_Process_Algorithm.o [1]
    .bss               zero     0x1fff0f4c    0x14  Signal_Process_Algorithm.o [1]
    .bss               zero     0x1fff0f60    0x28  Signal_Process_Algorithm.o [1]
    .bss               zero     0x1fff0f88   0xa00  VCAN_NRF24L0.o [1]
    .bss               zero     0x1fff1988     0x4  VCAN_NRF24L0.o [1]
    .bss               zero     0x1fff198c     0x4  VCAN_NRF24L0.o [1]
    .bss               zero     0x1fff1990     0x4  main.o [1]
    .bss               zero     0x1fff1994    0x20  main.o [1]
    .bss               zero     0x1fff19b4     0x4  system_MK60DZ10.o [1]
    .bss               zero     0x1fff19b8     0x4  system_MK60DZ10.o [1]
    .bss               zero     0x1fff19bc     0x4  system_MK60DZ10.o [1]
    .bss               zero     0x1fff19c0    0x50  xfiles.o [3]
    .bss               zero     0x1fff1a10     0x2  Signal_Process_Algorithm.o [1]
    .bss               zero     0x1fff1a12     0x2  Signal_Process_Algorithm.o [1]
    .bss               zero     0x1fff1a14     0x2  Signal_Process_Algorithm.o [1]
    .bss               zero     0x1fff1a16     0x2  Signal_Process_Algorithm.o [1]
    .bss               zero     0x1fff1a18     0x2  Signal_Process_Algorithm.o [1]
    .bss               zero     0x1fff1a1a     0x2  Signal_Process_Algorithm.o [1]
    .bss               zero     0x1fff1a1c     0x2  main.o [1]
    .bss               zero     0x1fff1a1e     0x2  main.o [1]
    .bss               zero     0x1fff1a20     0x1  Stop.o [1]
    .bss               zero     0x1fff1a21     0x1  VCAN_NRF24L0.o [1]
    .bss               zero     0x1fff1a22     0x1  VCAN_NRF24L0.o [1]
    .bss               zero     0x1fff1a23     0x1  VCAN_NRF24L0.o [1]
    .bss               zero     0x1fff1a24     0x1  VCAN_NRF24L0.o [1]
    .bss               zero     0x1fff1a25     0x1  VCAN_NRF24L0.o [1]
    .bss               zero     0x1fff1a26     0x1  main.o [1]
                              - 0x1fff1a27   0xbdf

"P2", part 3 of 3:                            0x88
  P2 s0                         0x1fff1a28    0x88  <Init block>
    __DLIB_PERTHREAD   inited   0x1fff1a28    0x88  localeconv.o [3]
                              - 0x1fff1ab0    0x88


*******************************************************************************
*** INIT TABLE
***

          Address     Size
          -------     ----
Zero (__iar_zero_init3)
    1 destination range, total size 0xbdf:
          0x1fff0e48  0xbdf



*******************************************************************************
*** MODULE SUMMARY
***

    Module                      ro code  rw code  ro data  rw data
    ------                      -------  -------  -------  -------
H:\·ÉË¼¿¨¶û-°áÅÜµÀºó\×îÖÕ±ÈÈü·½°¸\C×·B-----1\B\B\Prj\IAR\FX15_Debug\Obj: [1]
    Dial_switch.o                    44
    HARDWARE_Start.o                232                24
    MK60_DWT.o                      120
    MK60_PIT.o                      124                40
    MK60_adc.o                      696                48        8
    MK60_conf.o                     320             1 948    1 800
    MK60_flash.o                             400      440
    MK60_ftm.o                    1 136                56       16
    MK60_gpio.o                     296                60       20
    MK60_it.o                       148
    MK60_lptmr.o                    164                40
    MK60_mcg.o                      952       80      172       92
    MK60_port.o                     176                20       20
    MK60_spi.o                    1 656               120       12
    MK60_uart.o                     600                64       24
    MK60_wdog.o                      64
    OLED.o                        1 848             2 436
    Show.o                          944                         16
    Signal_Process_Algorithm.o    3 624                32      348
    Stop.o                           76                          1
    VCAN_LED.o                      112                 4        4
    VCAN_NRF24L0.o                1 120                24    2 589
    VCAN_key.o                      156                 8        8
    main.o                          244                         41
    misc.o                          204                36
    startup_MK60DZ10.o                8
    system_MK60DZ10.o               304                         12
    vectors.o                                       1 040
    --------------------------------------------------------------
    Total:                       15 368      480    6 612    5 011

command line: [2]
    --------------------------------------------------------------
    Total:

dl7M_tlf.a: [3]
    abs.o                             8
    div.o                            14
    exit.o                            4
    localeconv.o                    108               136      136
    low_level_init.o                  4
    printf.o                         36
    putchar.o                        12
    xfiles.o                                           64      144
    xprintflarge_nomb.o           2 942
    xprout.o                         22
    xtls.o                            2
    --------------------------------------------------------------
    Total:                        3 152               200      280

m7M_tl.a: [4]
    DblAdd.o                        232
    DblCmpGe.o                       46
    DblCmpLe.o                       46
    DblDiv.o                        582
    DblMul.o                        418
    DblSub.o                        384
    DblToI32.o                       88
    I32ToDbl.o                       48
    xdnorm.o                         66
    --------------------------------------------------------------
    Total:                        1 910

rt7M_tl.a: [5]
    ABImemcpy.o                     118
    I64DivMod.o                     238
    I64DivZer.o                       2
    XXexit.o                         12
    cexit.o                          10
    cmain.o                          22
    cstartup_M.o                     12
    data_init.o                      40
    memchr.o                         88
    strchr.o                         22
    strlen.o                         54
    zero_init3.o                     34
    --------------------------------------------------------------
    Total:                          652

    Gaps                             22
    Linker created                   24       16       36
------------------------------------------------------------------
    Grand Total:                 21 128      496    6 848    5 291


*******************************************************************************
*** ENTRY LIST
***

Entry                      Address   Size  Type      Object
-----                      -------   ----  ----      ------
.bss$$Base              0x1fff0e48          --   Gb  - Linker created -
.bss$$Limit             0x1fff1a27          --   Gb  - Linker created -
.data$$Base             0x1fff0410          --   Gb  - Linker created -
.data$$Limit            0x1fff0c54          --   Gb  - Linker created -
.data_init$$Base        0x000031cc          --   Gb  - Linker created -
.data_init$$Limit       0x00003a14          --   Gb  - Linker created -
?main                   0x00006c21         Code  Gb  cmain.o [5]
ADCN                    0x1fff0410    0x8  Data  Gb  MK60_adc.o [1]
ASSERT_FAILED_STR       0x00006b8c   0x24  Data  Gb  MK60_conf.o [1]
CodeRelocate$$Base      0x000060f0          --   Gb  - Linker created -
CodeRelocate$$Limit     0x000062e0          --   Gb  - Linker created -
CodeRelocateRam$$Base   0x1fff0c54          --   Gb  - Linker created -
CodeRelocateRam$$Limit  0x1fff0e44          --   Gb  - Linker created -
Dial_switch_Init        0x000068e9   0x2c  Code  Gb  Dial_switch.o [1]
Display                 0x00003f53  0x1a6  Code  Gb  OLED.o [1]
Distance_Display_Buffer
                        0x1fff0ee0    0x8  Data  Gb  Show.o [1]
F14x16                  0x000062e0  0x150  Data  Gb  OLED.o [1]
F14x16_Idx              0x00006c04   0x1c  Data  Gb  OLED.o [1]
F6x8                    0x00005ec8  0x228  Data  Gb  OLED.o [1]
F8X16                   0x000047cc  0x5f0  Data  Gb  OLED.o [1]
FTMN                    0x1fff0b20   0x10  Data  Gb  MK60_ftm.o [1]
FTM_port_mux            0x00004dbd  0x1ac  Code  Lc  MK60_ftm.o [1]
Filter                  0x00000419  0x338  Code  Gb  Signal_Process_Algorithm.o [1]
Filter_Finish_NumericalValue
                        0x1fff0f60   0x28  Data  Gb  Signal_Process_Algorithm.o [1]
GPIOX                   0x1fff0b30   0x14  Data  Gb  MK60_gpio.o [1]
HARDWARE_init           0x00006695   0xe8  Code  Gb  HARDWARE_Start.o [1]
Inside_Delta            0x1fff0e60    0x8  Data  Gb  Signal_Process_Algorithm.o [1]
Inside_Left             0x1fff1a18    0x2  Data  Gb  Signal_Process_Algorithm.o [1]
Inside_Left_Buffer      0x1fff0f38   0x14  Data  Gb  Signal_Process_Algorithm.o [1]
Inside_Left_Max         0x1fff0be8    0x8  Data  Gb  Signal_Process_Algorithm.o [1]
Inside_Pre1_Delta       0x1fff0e80    0x8  Data  Gb  Signal_Process_Algorithm.o [1]
Inside_Pre2_Delta       0x1fff0e88    0x8  Data  Gb  Signal_Process_Algorithm.o [1]
Inside_Pre3_Delta       0x1fff0e90    0x8  Data  Gb  Signal_Process_Algorithm.o [1]
Inside_Pre4_Delta       0x1fff0e98    0x8  Data  Gb  Signal_Process_Algorithm.o [1]
Inside_Right            0x1fff1a1a    0x2  Data  Gb  Signal_Process_Algorithm.o [1]
Inside_Right_Buffer     0x1fff0f4c   0x14  Data  Gb  Signal_Process_Algorithm.o [1]
Inside_Right_Max        0x1fff0bf0    0x8  Data  Gb  Signal_Process_Algorithm.o [1]
Inside_Sum              0x1fff0e70    0x8  Data  Gb  Signal_Process_Algorithm.o [1]
KEY_PTxn                0x1fff0c0c    0x8  Data  Gb  VCAN_key.o [1]
LCD_CLS                 0x00003b19   0x3c  Code  Gb  OLED.o [1]
LCD_DLY_ms              0x00003b55   0x1c  Code  Gb  OLED.o [1]
LCD_Fill                0x00003ad9   0x40  Code  Gb  OLED.o [1]
LCD_Init                0x00003b71  0x112  Code  Gb  OLED.o [1]
LCD_P14x16Str           0x00003da9  0x140  Code  Gb  OLED.o [1]
LCD_P6x8Str             0x00003c83   0x7c  Code  Gb  OLED.o [1]
LCD_P8x16Str            0x00003cff   0xaa  Code  Gb  OLED.o [1]
LCD_Print               0x00003ee9   0x6a  Code  Gb  OLED.o [1]
LCD_Set_Pos             0x00003aab   0x2e  Code  Gb  OLED.o [1]
LCD_WrCmd               0x00003a61   0x4a  Code  Gb  OLED.o [1]
LCD_WrDat               0x00003a15   0x4a  Code  Gb  OLED.o [1]
LED_PTxn                0x1fff0bf8    0x4  Data  Gb  VCAN_LED.o [1]
Lean_Delta              0x1fff0ea0    0x8  Data  Gb  Signal_Process_Algorithm.o [1]
Lean_Left               0x1fff1a10    0x2  Data  Gb  Signal_Process_Algorithm.o [1]
Lean_Left_Buffer        0x1fff0ee8   0x14  Data  Gb  Signal_Process_Algorithm.o [1]
Lean_Left_Max           0x1fff0e48    0x8  Data  Gb  Signal_Process_Algorithm.o [1]
Lean_Right              0x1fff1a12    0x2  Data  Gb  Signal_Process_Algorithm.o [1]
Lean_Right_Buffer       0x1fff0efc   0x14  Data  Gb  Signal_Process_Algorithm.o [1]
Lean_Right_Max          0x1fff0e50    0x8  Data  Gb  Signal_Process_Algorithm.o [1]
Lean_Sum                0x1fff0e78    0x8  Data  Gb  Signal_Process_Algorithm.o [1]
NRF_ISR_RX_FIFO         0x1fff0f88  0xa00  Data  Gb  VCAN_NRF24L0.o [1]
NVIC_DisableIRQ         0x0000689d   0x18  Code  Lc  Stop.o [1]
NVIC_EnableIRQ          0x000065a1   0x18  Code  Lc  main.o [1]
NVIC_SystemReset        0x00001c65   0x1a  Code  Lc  MK60_conf.o [1]
Normalization           0x00000751  0x134  Code  Gb  Signal_Process_Algorithm.o [1]
Offset_Caculate         0x00000885  0x27e  Code  Gb  Signal_Process_Algorithm.o [1]
Outside_Delta           0x1fff0e58    0x8  Data  Gb  Signal_Process_Algorithm.o [1]
Outside_Left            0x1fff1a14    0x2  Data  Gb  Signal_Process_Algorithm.o [1]
Outside_Left_Buffer     0x1fff0f10   0x14  Data  Gb  Signal_Process_Algorithm.o [1]
Outside_Left_Max        0x1fff0bd8    0x8  Data  Gb  Signal_Process_Algorithm.o [1]
Outside_Right           0x1fff1a16    0x2  Data  Gb  Signal_Process_Algorithm.o [1]
Outside_Right_Buffer    0x1fff0f24   0x14  Data  Gb  Signal_Process_Algorithm.o [1]
Outside_Right_Max       0x1fff0be0    0x8  Data  Gb  Signal_Process_Algorithm.o [1]
Outside_Sum             0x1fff0e68    0x8  Data  Gb  Signal_Process_Algorithm.o [1]
PIT0_IRQHandler         0x00006915   0x20  Code  Gb  MK60_it.o [1]
PIT1_IRQHandler         0x00006977   0x18  Code  Gb  MK60_it.o [1]
PORTD_IRQHandler        0x00006935   0x22  Code  Gb  MK60_it.o [1]
PORTE_IRQHandler        0x00006957   0x20  Code  Gb  MK60_it.o [1]
PORTX                   0x1fff0ba0   0x14  Data  Gb  MK60_port.o [1]
Position                0x00000c0d  0x4e2  Code  Gb  Signal_Process_Algorithm.o [1]
Position_PID            0x1fff0eb0   0x20  Data  Gb  Signal_Process_Algorithm.o [1]
Position_PID_Controller
                        0x00000b21   0xc0  Code  Gb  Signal_Process_Algorithm.o [1]
Position_PID_Init       0x00000b03   0x1e  Code  Gb  Signal_Process_Algorithm.o [1]
RX_ADDRESS              0x1fff0c04    0x8  Data  Gb  VCAN_NRF24L0.o [1]
Region$$Table$$Base     0x00006bd4          --   Gb  - Linker created -
Region$$Table$$Limit    0x00006be4          --   Gb  - Linker created -
Reset_Handler           0x00000411         Code  Gb  startup_MK60DZ10.o [1]
SPIN                    0x1fff0bb4    0xc  Data  Gb  MK60_spi.o [1]
Sensor_Display_Buffer   0x1fff0ed8    0x8  Data  Gb  Show.o [1]
Show                    0x00005b19  0x3b0  Code  Gb  Show.o [1]
Stop                    0x000068c1   0x1c  Code  Gb  Stop.o [1]
Stop_flag               0x1fff1a20    0x1  Data  Gb  Stop.o [1]
Stop_init               0x000068b5    0xc  Code  Gb  Stop.o [1]
System_RunTime_Count    0x1fff1a1c    0x2  Data  Gb  main.o [1]
TX_ADDRESS              0x1fff0bfc    0x8  Data  Gb  VCAN_NRF24L0.o [1]
Turn                    0x1fff0ea8    0x8  Data  Gb  Signal_Process_Algorithm.o [1]
UARTN                   0x1fff0bc0   0x18  Data  Gb  MK60_uart.o [1]
_GenldLargeNoMb         0x00002c7d  0x234  Code  Lc  xprintflarge_nomb.o [3]
_LdtobLargeNoMb         0x00002a1d  0x25a  Code  Lc  xprintflarge_nomb.o [3]
_LitobLargeNoMb         0x000028bf  0x10c  Code  Lc  xprintflarge_nomb.o [3]
_Locale_aeabi_lconv     0x1fff1a78   0x38  Data  Gb  localeconv.o [3]
_Locale_lconv           0x1fff1a28   0x50  Data  Gb  localeconv.o [3]
_PrintfLargeNoMb        0x0000237d  0x53c  Code  Gb  xprintflarge_nomb.o [3]
_Prout                  0x00006c59   0x16  Code  Gb  xprout.o [3]
_PutcharsLargeNoMb      0x00002eb1   0x2e  Code  Lc  xprintflarge_nomb.o [3]
__BOOT_STACK_ADDRESS {Abs}
                        0x2000fff8          --   Gb  command line/config [2]
__VECTOR_RAM {Abs}      0x1fff0000          --   Gb  command line/config [2]
__VECTOR_TABLE {Abs}    0x00000000          --   Gb  command line/config [2]
__aeabi_cdcmple         0x00001529         Code  Gb  DblCmpLe.o [4]
__aeabi_cdrcmple        0x000019bd         Code  Gb  DblCmpGe.o [4]
__aeabi_d2iz            0x00001965         Code  Gb  DblToI32.o [4]
__aeabi_d2uiz           0x00001991         Code  Gb  DblToI32.o [4]
__aeabi_dadd            0x000019ed         Code  Gb  DblAdd.o [4]
__aeabi_ddiv            0x00001579         Code  Gb  DblDiv.o [4]
__aeabi_dmul            0x000017c1         Code  Gb  DblMul.o [4]
__aeabi_dsub            0x00001ad5         Code  Gb  DblSub.o [4]
__aeabi_i2d             0x000014f9         Code  Gb  I32ToDbl.o [4]
__aeabi_ldiv0           0x000031c9         Code  Gb  I64DivZer.o [5]
__aeabi_memcpy          0x00003095         Code  Gb  ABImemcpy.o [5]
__aeabi_memcpy4         0x000030b5         Code  Gb  ABImemcpy.o [5]
__aeabi_memcpy8         0x000030b5         Code  Gb  ABImemcpy.o [5]
__aeabi_ui2d            0x0000150d         Code  Gb  I32ToDbl.o [4]
__aeabi_uldivmod        0x00002fa5         Code  Gb  I64DivMod.o [5]
__cmain                 0x00006c21         Code  Gb  cmain.o [5]
__code_start__ {Abs}    0x00000410          --   Gb  command line/config [2]
__exit                  0x00006c4d         Code  Gb  XXexit.o [5]
__iar_Dnorm             0x0000310b   0x42  Code  Gb  xdnorm.o [4]
__iar_Locale_lconv_init
                        0x0000314d   0x3a  Code  Gb  localeconv.o [3]
__iar_Memchr            0x00002f4d         Code  Gb  memchr.o [5]
__iar_Stdout            0x1fff0c14   0x40  Data  Gb  xfiles.o [3]
__iar_Strchr            0x00002efd         Code  Gb  strchr.o [5]
__iar_d2uiz             0x0000199d         Code  Gb  DblToI32.o [4]
__iar_dadd              0x00001a01         Code  Gb  DblAdd.o [4]
__iar_data_init3        0x00006b65   0x28  Code  Gb  data_init.o [5]
__iar_dlib_perthread_access
                        0x000031cb    0x2  Code  Gb  xtls.o [3]
__iar_dsub              0x00001ae9         Code  Gb  DblSub.o [4]
__iar_dsubStart         0x00001afb         Code  Gb  DblSub.o [4]
__iar_program_start     0x00006ca9         Code  Gb  cstartup_M.o [5]
__iar_ui2d              0x00001511         Code  Gb  I32ToDbl.o [4]
__iar_zero_init3        0x00001557   0x22  Code  Gb  zero_init3.o [5]
__low_level_init        0x00006c37    0x4  Code  Gb  low_level_init.o [3]
__vector_table          0x00000000  0x410  Data  Gb  vectors.o [1]
_call_main              0x00006c2d         Code  Gb  cmain.o [5]
_exit                   0x00006c41         Code  Gb  cexit.o [5]
_main                   0x00006c33         Code  Gb  cmain.o [5]
abs                     0x000047c5    0x8  Code  Gb  abs.o [3]
adc_init                0x00001241  0x20e  Code  Gb  MK60_adc.o [1]
adc_once                0x0000144f   0x50  Code  Gb  MK60_adc.o [1]
adc_start               0x0000149f   0x44  Code  Lc  MK60_adc.o [1]
assert_failed           0x00001c7f   0x26  Code  Gb  MK60_conf.o [1]
buff                    0x1fff1994   0x20  Data  Gb  main.o [1]
buffer                  0x1fff1990    0x4  Data  Gb  main.o [1]
bus_clk_khz             0x1fff19bc    0x4  Data  Gb  system_MK60DZ10.o [1]
common_startup          0x0000648f   0x98  Code  Gb  system_MK60DZ10.o [1]
core_clk_khz            0x1fff19b4    0x4  Data  Gb  system_MK60DZ10.o [1]
core_clk_mhz            0x1fff19b8    0x4  Data  Gb  system_MK60DZ10.o [1]
default_isr             0x00001d53   0x30  Code  Gb  MK60_conf.o [1]
distance                0x1fff1a1e    0x2  Data  Gb  main.o [1]
div                     0x000031b9    0xe  Code  Gb  div.o [3]
dwt_delay_ms            0x00001f49   0x18  Code  Gb  MK60_DWT.o [1]
dwt_delay_us            0x00001ee9   0x4e  Code  Gb  MK60_DWT.o [1]
exit                    0x00006c3b    0x4  Code  Gb  exit.o [3]
flash_cmd               0x1fff0c65   0x20  Code  Gb  MK60_flash.o [1]
flash_erase_sector      0x1fff0ca9   0x5c  Code  Gb  MK60_flash.o [1]
flash_init              0x1fff0c85   0x24  Code  Gb  MK60_flash.o [1]
flash_write             0x1fff0d05   0xb4  Code  Gb  MK60_flash.o [1]
fputc                   0x00001ca5   0x14  Code  Gb  MK60_conf.o [1]
ftm_pwm_duty            0x00005101  0x116  Code  Gb  MK60_ftm.o [1]
ftm_pwm_init            0x00004f69  0x198  Code  Gb  MK60_ftm.o [1]
gpio_get                0x0000233b   0x3a  Code  Gb  MK60_gpio.o [1]
gpio_init               0x00002255   0xae  Code  Gb  MK60_gpio.o [1]
gpio_turn               0x00002303   0x38  Code  Gb  MK60_gpio.o [1]
key_check               0x00002225   0x2a  Code  Gb  VCAN_key.o [1]
key_get                 0x0000220b   0x1a  Code  Gb  VCAN_key.o [1]
key_init                0x000021b9   0x52  Code  Gb  VCAN_key.o [1]
led_init                0x00001e55   0x3a  Code  Gb  VCAN_LED.o [1]
led_turn                0x00001e8f   0x32  Code  Gb  VCAN_LED.o [1]
localeconv              0x00003187   0x16  Code  Gb  localeconv.o [3]
lptmr_pulse_init        0x000067f9   0x8a  Code  Gb  MK60_lptmr.o [1]
main                    0x000065b9   0xb6  Code  Gb  main.o [1]
mcg_cfg                 0x1fff0b44   0x58  Data  Gb  MK60_mcg.o [1]
mcg_div                 0x1fff0b9c    0x4  Data  Gb  MK60_mcg.o [1]
mcg_div_count           0x00005761  0x2ea  Code  Gb  MK60_mcg.o [1]
memchr                  0x00002f4d         Code  Gb  memchr.o [5]
nrf_handler             0x0000554d  0x108  Code  Gb  VCAN_NRF24L0.o [1]
nrf_init                0x0000522d   0xa8  Code  Gb  VCAN_NRF24L0.o [1]
nrf_irq_tx_addr         0x1fff1988    0x4  Data  Gb  VCAN_NRF24L0.o [1]
nrf_irq_tx_flag         0x1fff1a25    0x1  Data  Gb  VCAN_NRF24L0.o [1]
nrf_irq_tx_pnum         0x1fff198c    0x4  Data  Gb  VCAN_NRF24L0.o [1]
nrf_link_check          0x00005373   0x78  Code  Gb  VCAN_NRF24L0.o [1]
nrf_mode                0x1fff1a21    0x1  Data  Gb  VCAN_NRF24L0.o [1]
nrf_readbuf             0x0000534b   0x28  Code  Lc  VCAN_NRF24L0.o [1]
nrf_readreg             0x000052fb   0x28  Code  Lc  VCAN_NRF24L0.o [1]
nrf_rx                  0x00005483   0xca  Code  Gb  VCAN_NRF24L0.o [1]
nrf_rx_flag             0x1fff1a24    0x1  Data  Gb  VCAN_NRF24L0.o [1]
nrf_rx_front            0x1fff1a22    0x1  Data  Gb  VCAN_NRF24L0.o [1]
nrf_rx_mode             0x000053eb   0x50  Code  Lc  VCAN_NRF24L0.o [1]
nrf_rx_rear             0x1fff1a23    0x1  Data  Gb  VCAN_NRF24L0.o [1]
nrf_tx_mode             0x0000543b   0x48  Code  Lc  VCAN_NRF24L0.o [1]
nrf_writebuf            0x00005323   0x28  Code  Lc  VCAN_NRF24L0.o [1]
nrf_writereg            0x000052d5   0x26  Code  Lc  VCAN_NRF24L0.o [1]
obuf                    0x1fff19c0   0x50  Data  Lc  xfiles.o [3]
pit_init                0x0000677d   0x6c  Code  Gb  MK60_PIT.o [1]
pll_init                0x00005a4b   0xb2  Code  Gb  MK60_mcg.o [1]
port_init               0x00001da5   0x44  Code  Gb  MK60_port.o [1]
port_init_NoALT         0x00001de9   0x62  Code  Gb  MK60_port.o [1]
printf                  0x00001ec5   0x24  Code  Gb  printf.o [3]
putchar                 0x00006c71    0xc  Code  Gb  putchar.o [3]
relen                   0x1fff1a26    0x1  Data  Gb  main.o [1]
scale                   0x000029d1   0x46  Code  Lc  xprintflarge_nomb.o [3]
set_sys_dividers        0x1fff0df5   0x50  Code  Gb  MK60_mcg.o [1]
set_vector_handler      0x000056af   0x22  Code  Gb  misc.o [1]
spi_init                0x0000414d  0x336  Code  Gb  MK60_spi.o [1]
spi_mosi                0x00004483  0x110  Code  Gb  MK60_spi.o [1]
spi_mosi_cmd            0x00004593  0x20c  Code  Gb  MK60_spi.o [1]
start                   0x00006431   0x22  Code  Gb  system_MK60DZ10.o [1]
start_check             0x00001cb9   0x9a  Code  Gb  MK60_conf.o [1]
strchr                  0x00002efd         Code  Gb  strchr.o [5]
strlen                  0x00002f15         Code  Gb  strlen.o [5]
sysinit                 0x00006453   0x3c  Code  Gb  system_MK60DZ10.o [1]
uart_init               0x00001f61  0x224  Code  Gb  MK60_uart.o [1]
uart_putchar            0x00002185   0x1a  Code  Gb  MK60_uart.o [1]
vcan_cpy                0x000056dd   0x7c  Code  Gb  misc.o [1]
vector_str              0x1fff0418  0x708  Data  Gb  MK60_conf.o [1]
wdog_disable            0x00006561   0x16  Code  Gb  MK60_wdog.o [1]
wdog_unlock             0x00006577   0x20  Code  Lc  MK60_wdog.o [1]
write_vtor              0x0000568d   0x22  Code  Gb  misc.o [1]


[1] = H:\·ÉË¼¿¨¶û-°áÅÜµÀºó\×îÖÕ±ÈÈü·½°¸\C×·B-----1\B\B\Prj\IAR\FX15_Debug\Obj
[2] = command line
[3] = dl7M_tlf.a
[4] = m7M_tl.a
[5] = rt7M_tl.a

  21 128 bytes of readonly  code memory
     496 bytes of readwrite code memory
   6 848 bytes of readonly  data memory
   5 291 bytes of readwrite data memory

Errors: none
Warnings: none
